Archive member included to satisfy reference by file (symbol)

C:\Program Files (x86)\Cypress\PSoC Creator\4.4\PSoC Creator\psoc\content\CyComponentLibrary\CyComponentLibrary.cylib\CapSense_v3_0\Library\CapSense_Library_GCC_M4.a(CapSense_SmartSense_LL.o)
                              .\CortexM4\ARM_GCC_541\Debug\CapSense_Sensing.o (SmartSense_TunePrescalers)
C:\Program Files (x86)\Cypress\PSoC Creator\4.4\PSoC Creator\psoc\content\CyComponentLibrary\CyComponentLibrary.cylib\CapSense_v3_0\Library\CapSense_Library_GCC_M4.a(CapSense_SmartSense_SL.o)
                              .\CortexM4\ARM_GCC_541\Debug\CapSense_Processing.o (SmartSense_UpdateThresholds)
c:/program files (x86)/cypress/psoc creator/4.4/psoc creator/import/gnu/arm/5.4.1/bin/../lib/gcc/arm-none-eabi/5.4.1/armv7e-m/softfp\libgcc.a(_arm_addsubdf3.o)
                              .\CortexM4\ARM_GCC_541\Debug\cy_sysclk.o (__aeabi_f2d)
c:/program files (x86)/cypress/psoc creator/4.4/psoc creator/import/gnu/arm/5.4.1/bin/../lib/gcc/arm-none-eabi/5.4.1/armv7e-m/softfp\libgcc.a(_arm_muldivdf3.o)
                              .\CortexM4\ARM_GCC_541\Debug\cy_sysclk.o (__aeabi_ddiv)
c:/program files (x86)/cypress/psoc creator/4.4/psoc creator/import/gnu/arm/5.4.1/bin/../lib/gcc/arm-none-eabi/5.4.1/armv7e-m/softfp\libgcc.a(_arm_fixunsdfsi.o)
                              .\CortexM4\ARM_GCC_541\Debug\cy_sysclk.o (__aeabi_d2uiz)
c:/program files (x86)/cypress/psoc creator/4.4/psoc creator/import/gnu/arm/5.4.1/bin/../lib/gcc/arm-none-eabi/5.4.1/armv7e-m/softfp\libgcc.a(_arm_truncdfsf2.o)
                              .\CortexM4\ARM_GCC_541\Debug\cy_sysclk.o (__aeabi_d2f)
c:/program files (x86)/cypress/psoc creator/4.4/psoc creator/import/gnu/arm/5.4.1/bin/../lib/gcc/arm-none-eabi/5.4.1/armv7e-m/softfp\libgcc.a(_aeabi_uldivmod.o)
                              .\CortexM4\ARM_GCC_541\Debug\cy_sysclk.o (__aeabi_uldivmod)
c:/program files (x86)/cypress/psoc creator/4.4/psoc creator/import/gnu/arm/5.4.1/bin/../lib/gcc/arm-none-eabi/5.4.1/armv7e-m/softfp\libgcc.a(_udivmoddi4.o)
                              c:/program files (x86)/cypress/psoc creator/4.4/psoc creator/import/gnu/arm/5.4.1/bin/../lib/gcc/arm-none-eabi/5.4.1/armv7e-m/softfp\libgcc.a(_aeabi_uldivmod.o) (__udivmoddi4)
c:/program files (x86)/cypress/psoc creator/4.4/psoc creator/import/gnu/arm/5.4.1/bin/../lib/gcc/arm-none-eabi/5.4.1/armv7e-m/softfp\libgcc.a(_dvmd_tls.o)
                              c:/program files (x86)/cypress/psoc creator/4.4/psoc creator/import/gnu/arm/5.4.1/bin/../lib/gcc/arm-none-eabi/5.4.1/armv7e-m/softfp\libgcc.a(_aeabi_uldivmod.o) (__aeabi_ldiv0)
c:/program files (x86)/cypress/psoc creator/4.4/psoc creator/import/gnu/arm/5.4.1/bin/../lib/gcc/arm-none-eabi/5.4.1/../../../../arm-none-eabi/lib/armv7e-m/softfp\libg_nano.a(lib_a-exit.o)
                              c:/program files (x86)/cypress/psoc creator/4.4/psoc creator/import/gnu/arm/5.4.1/bin/../lib/gcc/arm-none-eabi/5.4.1/../../../../arm-none-eabi/lib/armv7e-m/softfp/crt0.o (exit)
c:/program files (x86)/cypress/psoc creator/4.4/psoc creator/import/gnu/arm/5.4.1/bin/../lib/gcc/arm-none-eabi/5.4.1/../../../../arm-none-eabi/lib/armv7e-m/softfp\libg_nano.a(lib_a-impure.o)
                              c:/program files (x86)/cypress/psoc creator/4.4/psoc creator/import/gnu/arm/5.4.1/bin/../lib/gcc/arm-none-eabi/5.4.1/../../../../arm-none-eabi/lib/armv7e-m/softfp\libg_nano.a(lib_a-exit.o) (_global_impure_ptr)
c:/program files (x86)/cypress/psoc creator/4.4/psoc creator/import/gnu/arm/5.4.1/bin/../lib/gcc/arm-none-eabi/5.4.1/../../../../arm-none-eabi/lib/armv7e-m/softfp\libg_nano.a(lib_a-init.o)
                              c:/program files (x86)/cypress/psoc creator/4.4/psoc creator/import/gnu/arm/5.4.1/bin/../lib/gcc/arm-none-eabi/5.4.1/../../../../arm-none-eabi/lib/armv7e-m/softfp/crt0.o (__libc_init_array)
c:/program files (x86)/cypress/psoc creator/4.4/psoc creator/import/gnu/arm/5.4.1/bin/../lib/gcc/arm-none-eabi/5.4.1/../../../../arm-none-eabi/lib/armv7e-m/softfp\libg_nano.a(lib_a-memcpy-stub.o)
                              .\CortexM4\ARM_GCC_541\Debug\cy_usbfs_dev_drv_io_dma.o (memcpy)
c:/program files (x86)/cypress/psoc creator/4.4/psoc creator/import/gnu/arm/5.4.1/bin/../lib/gcc/arm-none-eabi/5.4.1/../../../../arm-none-eabi/lib/armv7e-m/softfp\libg_nano.a(lib_a-memset.o)
                              c:/program files (x86)/cypress/psoc creator/4.4/psoc creator/import/gnu/arm/5.4.1/bin/../lib/gcc/arm-none-eabi/5.4.1/../../../../arm-none-eabi/lib/armv7e-m/softfp/crt0.o (memset)
c:/program files (x86)/cypress/psoc creator/4.4/psoc creator/import/gnu/arm/5.4.1/bin/../lib/gcc/arm-none-eabi/5.4.1/../../../../arm-none-eabi/lib/armv7e-m/softfp\libg_nano.a(lib_a-strlen.o)
                              .\CortexM4\ARM_GCC_541\Debug\cy_usb_dev_cdc.o (strlen)
[...]
Memory Configuration

Name             Origin             Length             Attributes
ram              0x08024000         0x00023800         xrw
flash            0x10080000         0x00080000         xr
em_eeprom        0x14000000         0x00008000         xr
sflash_user_data 0x16000800         0x00000800         xr
sflash_nar       0x16001a00         0x00000200         xr
sflash_public_key 0x16005a00         0x00000c00         xr
sflash_toc_2     0x16007c00         0x00000200         xr
sflash_rtoc_2    0x16007e00         0x00000200         xr
xip              0x18000000         0x08000000         xr
efuse            0x90700000         0x00100000         r
*default*        0x00000000         0xffffffff

Linker script and memory map

LOAD c:/program files (x86)/cypress/psoc creator/4.4/psoc creator/import/gnu/arm/5.4.1/bin/../lib/gcc/arm-none-eabi/5.4.1/armv7e-m/softfp/crti.o
LOAD c:/program files (x86)/cypress/psoc creator/4.4/psoc creator/import/gnu/arm/5.4.1/bin/../lib/gcc/arm-none-eabi/5.4.1/armv7e-m/softfp/crtbegin.o
LOAD c:/program files (x86)/cypress/psoc creator/4.4/psoc creator/import/gnu/arm/5.4.1/bin/../lib/gcc/arm-none-eabi/5.4.1/../../../../arm-none-eabi/lib/armv7e-m/softfp/crt0.o
START GROUP
LOAD .\CortexM4\ARM_GCC_541\Debug\startup_psoc6_01_cm4.o
LOAD .\CortexM4\ARM_GCC_541\Debug\main_cm4.o
LOAD .\CortexM4\ARM_GCC_541\Debug\system_psoc6_cm4.o
LOAD .\CortexM4\ARM_GCC_541\Debug\cyfitter_sysint_cfg.o
LOAD .\CortexM4\ARM_GCC_541\Debug\cymetadata.o
LOAD .\CortexM4\ARM_GCC_541\Debug\USBFS.o
LOAD .\CortexM4\ARM_GCC_541\Debug\USBFS_cfg.o
LOAD .\CortexM4\ARM_GCC_541\Debug\cy_dma.o
LOAD .\CortexM4\ARM_GCC_541\Debug\cy_efuse.o
LOAD .\CortexM4\ARM_GCC_541\Debug\cy_flash.o
LOAD .\CortexM4\ARM_GCC_541\Debug\cy_gpio.o
LOAD .\CortexM4\ARM_GCC_541\Debug\cy_ipc_drv.o
LOAD .\CortexM4\ARM_GCC_541\Debug\cy_ipc_sema.o
LOAD .\CortexM4\ARM_GCC_541\Debug\cy_ipc_pipe.o
LOAD .\CortexM4\ARM_GCC_541\Debug\cy_lvd.o
LOAD .\CortexM4\ARM_GCC_541\Debug\cy_profile.o
LOAD .\CortexM4\ARM_GCC_541\Debug\cy_prot.o
LOAD .\CortexM4\ARM_GCC_541\Debug\cy_sysanalog.o
LOAD .\CortexM4\ARM_GCC_541\Debug\cy_sysclk.o
LOAD .\CortexM4\ARM_GCC_541\Debug\cy_sysint.o
LOAD .\CortexM4\ARM_GCC_541\Debug\cy_syslib.o
LOAD .\CortexM4\ARM_GCC_541\Debug\cy_syslib_gcc.o
LOAD .\CortexM4\ARM_GCC_541\Debug\cy_syspm.o
LOAD .\CortexM4\ARM_GCC_541\Debug\cy_systick.o
LOAD .\CortexM4\ARM_GCC_541\Debug\cy_trigmux.o
LOAD .\CortexM4\ARM_GCC_541\Debug\cy_usbfs_dev_drv.o
LOAD .\CortexM4\ARM_GCC_541\Debug\cy_usbfs_dev_drv_io.o
LOAD .\CortexM4\ARM_GCC_541\Debug\cy_usbfs_dev_drv_io_dma.o
LOAD .\CortexM4\ARM_GCC_541\Debug\cy_wdt.o
LOAD .\CortexM4\ARM_GCC_541\Debug\cy_device.o
LOAD .\CortexM4\ARM_GCC_541\Debug\cy_tcpwm_counter.o
LOAD .\CortexM4\ARM_GCC_541\Debug\cy_tcpwm_pwm.o
LOAD .\CortexM4\ARM_GCC_541\Debug\cy_tcpwm_quaddec.o
LOAD .\CortexM4\ARM_GCC_541\Debug\cy_usb_dev.o
LOAD .\CortexM4\ARM_GCC_541\Debug\cy_usb_dev_audio.o
LOAD .\CortexM4\ARM_GCC_541\Debug\cy_usb_dev_cdc.o
LOAD .\CortexM4\ARM_GCC_541\Debug\cy_usb_dev_hid.o
LOAD .\CortexM4\ARM_GCC_541\Debug\CapSense_Control.o
LOAD .\CortexM4\ARM_GCC_541\Debug\CapSense_Processing.o
LOAD .\CortexM4\ARM_GCC_541\Debug\CapSense_Structure.o
LOAD .\CortexM4\ARM_GCC_541\Debug\CapSense_Tuner.o
LOAD .\CortexM4\ARM_GCC_541\Debug\CapSense_Filter.o
LOAD .\CortexM4\ARM_GCC_541\Debug\CapSense_Sensing.o
LOAD .\CortexM4\ARM_GCC_541\Debug\CapSense_INT.o
LOAD .\CortexM4\ARM_GCC_541\Debug\CapSense_SensingCSD_LL.o
LOAD .\CortexM4\ARM_GCC_541\Debug\CapSense_SensingCSX_LL.o
LOAD .\CortexM4\ARM_GCC_541\Debug\CapSense_Centroid_LL.o
LOAD .\CortexM4\ARM_GCC_541\Debug\PWM_1.o
LOAD C:\Program Files (x86)\Cypress\PSoC Creator\4.4\PSoC Creator\psoc\content\CyComponentLibrary\CyComponentLibrary.cylib\CapSense_v3_0\Library\CapSense_Library_GCC_M4.a
END GROUP
START GROUP
LOAD c:/program files (x86)/cypress/psoc creator/4.4/psoc creator/import/gnu/arm/5.4.1/bin/../lib/gcc/arm-none-eabi/5.4.1/armv7e-m/softfp\libgcc.a
LOAD c:/program files (x86)/cypress/psoc creator/4.4/psoc creator/import/gnu/arm/5.4.1/bin/../lib/gcc/arm-none-eabi/5.4.1/../../../../arm-none-eabi/lib/armv7e-m/softfp\libg_nano.a
LOAD c:/program files (x86)/cypress/psoc creator/4.4/psoc creator/import/gnu/arm/5.4.1/bin/../lib/gcc/arm-none-eabi/5.4.1/../../../../arm-none-eabi/lib/armv7e-m/softfp\libc_nano.a
END GROUP
START GROUP
LOAD c:/program files (x86)/cypress/psoc creator/4.4/psoc creator/import/gnu/arm/5.4.1/bin/../lib/gcc/arm-none-eabi/5.4.1/armv7e-m/softfp\libgcc.a
LOAD c:/program files (x86)/cypress/psoc creator/4.4/psoc creator/import/gnu/arm/5.4.1/bin/../lib/gcc/arm-none-eabi/5.4.1/../../../../arm-none-eabi/lib/armv7e-m/softfp\libc_nano.a
END GROUP
LOAD c:/program files (x86)/cypress/psoc creator/4.4/psoc creator/import/gnu/arm/5.4.1/bin/../lib/gcc/arm-none-eabi/5.4.1/armv7e-m/softfp/crtend.o
LOAD c:/program files (x86)/cypress/psoc creator/4.4/psoc creator/import/gnu/arm/5.4.1/bin/../lib/gcc/arm-none-eabi/5.4.1/armv7e-m/softfp/crtn.o
START GROUP
LOAD c:/program files (x86)/cypress/psoc creator/4.4/psoc creator/import/gnu/arm/5.4.1/bin/../lib/gcc/arm-none-eabi/5.4.1/armv7e-m/softfp\libgcc.a
LOAD c:/program files (x86)/cypress/psoc creator/4.4/psoc creator/import/gnu/arm/5.4.1/bin/../lib/gcc/arm-none-eabi/5.4.1/../../../../arm-none-eabi/lib/armv7e-m/softfp\libc.a
LOAD c:/program files (x86)/cypress/psoc creator/4.4/psoc creator/import/gnu/arm/5.4.1/bin/../lib/gcc/arm-none-eabi/5.4.1/../../../../arm-none-eabi/lib/armv7e-m/softfp\libnosys.a
END GROUP
START GROUP
LOAD c:/program files (x86)/cypress/psoc creator/4.4/psoc creator/import/gnu/arm/5.4.1/bin/../lib/gcc/arm-none-eabi/5.4.1/armv7e-m/softfp\libgcc.a
LOAD c:/program files (x86)/cypress/psoc creator/4.4/psoc creator/import/gnu/arm/5.4.1/bin/../lib/gcc/arm-none-eabi/5.4.1/../../../../arm-none-eabi/lib/armv7e-m/softfp\libc.a
LOAD c:/program files (x86)/cypress/psoc creator/4.4/psoc creator/import/gnu/arm/5.4.1/bin/../lib/gcc/arm-none-eabi/5.4.1/../../../../arm-none-eabi/lib/armv7e-m/softfp\libm.a
LOAD c:/program files (x86)/cypress/psoc creator/4.4/psoc creator/import/gnu/arm/5.4.1/bin/../lib/gcc/arm-none-eabi/5.4.1/../../../../arm-none-eabi/lib/armv7e-m/softfp\libnosys.a
END GROUP

.text           0x10080000     0x71dc
                0x10080000                . = ALIGN (0x4)
                0x10080000                __Vectors = .
 *(.vectors)
 .vectors       0x10080000      0x28c .\CortexM4\ARM_GCC_541\Debug\startup_psoc6_01_cm4.o
                0x1008028c                . = ALIGN (0x4)
                0x1008028c                __Vectors_End = .
                0x0000028c                __Vectors_Size = (__Vectors_End - __Vectors)
                0x1008028c                __end__ = .
                0x1008028c                . = ALIGN (0x4)
 *(.text*)
 .text          0x1008028c       0x5c c:/program files (x86)/cypress/psoc creator/4.4/psoc creator/import/gnu/arm/5.4.1/bin/../lib/gcc/arm-none-eabi/5.4.1/armv7e-m/softfp/crtbegin.o
 .text          0x100802e8       0x84 .\CortexM4\ARM_GCC_541\Debug\startup_psoc6_01_cm4.o
                0x100802e8                Cy_OnResetUser
                0x100802ea                Reset_Handler
                0x1008034c                cpuss_interrupts_ipc_6_IRQHandler
                0x1008034c                DebugMon_Handler
                0x1008034c                tcpwm_1_interrupts_11_IRQHandler
                0x1008034c                cpuss_interrupts_ipc_0_IRQHandler
                0x1008034c                tcpwm_1_interrupts_15_IRQHandler
                0x1008034c                ioss_interrupts_gpio_13_IRQHandler
                0x1008034c                tcpwm_1_interrupts_13_IRQHandler
                0x1008034c                cpuss_interrupts_dw1_8_IRQHandler
                0x1008034c                tcpwm_0_interrupts_0_IRQHandler
                0x1008034c                SysTick_Handler
                0x1008034c                cpuss_interrupt_fm_IRQHandler
                0x1008034c                cpuss_interrupts_ipc_7_IRQHandler
                0x1008034c                tcpwm_1_interrupts_14_IRQHandler
                0x1008034c                cpuss_interrupts_dw0_5_IRQHandler
                0x1008034c                tcpwm_1_interrupts_9_IRQHandler
                0x1008034c                cpuss_interrupts_cm0_cti_1_IRQHandler
                0x1008034c                tcpwm_1_interrupts_22_IRQHandler
                0x1008034c                cpuss_interrupts_dw0_4_IRQHandler
                0x1008034c                PendSV_Handler
                0x1008034c                NMI_Handler
                0x1008034c                cpuss_interrupts_dw1_12_IRQHandler
                0x1008034c                tcpwm_1_interrupts_12_IRQHandler
                0x1008034c                smif_interrupt_IRQHandler
                0x1008034c                tcpwm_1_interrupts_2_IRQHandler
                0x1008034c                cpuss_interrupts_ipc_13_IRQHandler
                0x1008034c                udb_interrupts_11_IRQHandler
                0x1008034c                tcpwm_1_interrupts_18_IRQHandler
                0x1008034c                cpuss_interrupts_dw0_11_IRQHandler
                0x1008034c                tcpwm_0_interrupts_2_IRQHandler
                0x1008034c                cpuss_interrupts_dw0_13_IRQHandler
                0x1008034c                udb_interrupts_2_IRQHandler
                0x1008034c                cpuss_interrupts_dw1_7_IRQHandler
                0x1008034c                ioss_interrupts_gpio_1_IRQHandler
                0x1008034c                ioss_interrupts_gpio_7_IRQHandler
                0x1008034c                scb_5_interrupt_IRQHandler
                0x1008034c                udb_interrupts_6_IRQHandler
                0x1008034c                cpuss_interrupts_fault_1_IRQHandler
                0x1008034c                cpuss_interrupts_ipc_4_IRQHandler
                0x1008034c                cpuss_interrupts_ipc_5_IRQHandler
                0x1008034c                cpuss_interrupts_dw1_10_IRQHandler
                0x1008034c                udb_interrupts_0_IRQHandler
                0x1008034c                tcpwm_1_interrupts_6_IRQHandler
                0x1008034c                scb_4_interrupt_IRQHandler
                0x1008034c                pass_interrupt_dacs_IRQHandler
                0x1008034c                ioss_interrupts_gpio_2_IRQHandler
                0x1008034c                cpuss_interrupts_dw1_9_IRQHandler
                0x1008034c                cpuss_interrupts_dw1_13_IRQHandler
                0x1008034c                scb_2_interrupt_IRQHandler
                0x1008034c                cpuss_interrupts_cm0_cti_0_IRQHandler
                0x1008034c                udb_interrupts_5_IRQHandler
                0x1008034c                srss_interrupt_IRQHandler
                0x1008034c                udb_interrupts_12_IRQHandler
                0x1008034c                scb_0_interrupt_IRQHandler
                0x1008034c                csd_interrupt_IRQHandler
                0x1008034c                udb_interrupts_1_IRQHandler
                0x1008034c                profile_interrupt_IRQHandler
                0x1008034c                tcpwm_1_interrupts_1_IRQHandler
                0x1008034c                cpuss_interrupts_ipc_12_IRQHandler
                0x1008034c                tcpwm_1_interrupts_3_IRQHandler
                0x1008034c                tcpwm_0_interrupts_7_IRQHandler
                0x1008034c                cpuss_interrupts_dw1_1_IRQHandler
                0x1008034c                cpuss_interrupts_dw1_0_IRQHandler
                0x1008034c                cpuss_interrupts_dw0_9_IRQHandler
                0x1008034c                lpcomp_interrupt_IRQHandler
                0x1008034c                tcpwm_1_interrupts_23_IRQHandler
                0x1008034c                udb_interrupts_4_IRQHandler
                0x1008034c                tcpwm_1_interrupts_20_IRQHandler
                0x1008034c                ioss_interrupt_gpio_IRQHandler
                0x1008034c                tcpwm_0_interrupts_1_IRQHandler
                0x1008034c                ioss_interrupts_gpio_8_IRQHandler
                0x1008034c                tcpwm_0_interrupts_6_IRQHandler
                0x1008034c                scb_7_interrupt_IRQHandler
                0x1008034c                tcpwm_1_interrupts_7_IRQHandler
                0x1008034c                cpuss_interrupts_ipc_11_IRQHandler
                0x1008034c                udb_interrupts_13_IRQHandler
                0x1008034c                cpuss_interrupts_dw0_15_IRQHandler
                0x1008034c                udb_interrupts_7_IRQHandler
                0x1008034c                cpuss_interrupts_dw1_6_IRQHandler
                0x1008034c                cpuss_interrupt_crypto_IRQHandler
                0x1008034c                scb_1_interrupt_IRQHandler
                0x1008034c                Default_Handler
                0x1008034c                usb_interrupt_hi_IRQHandler
                0x1008034c                tcpwm_1_interrupts_0_IRQHandler
                0x1008034c                udb_interrupts_9_IRQHandler
                0x1008034c                audioss_interrupt_pdm_IRQHandler
                0x1008034c                srss_interrupt_mcwdt_0_IRQHandler
                0x1008034c                scb_3_interrupt_IRQHandler
                0x1008034c                pass_interrupt_ctbs_IRQHandler
                0x1008034c                udb_interrupts_8_IRQHandler
                0x1008034c                ioss_interrupts_gpio_3_IRQHandler
                0x1008034c                scb_6_interrupt_IRQHandler
                0x1008034c                cpuss_interrupts_cm4_cti_0_IRQHandler
                0x1008034c                cpuss_interrupts_dw1_3_IRQHandler
                0x1008034c                pass_interrupt_sar_IRQHandler
                0x1008034c                ioss_interrupts_gpio_0_IRQHandler
                0x1008034c                ioss_interrupts_gpio_14_IRQHandler
                0x1008034c                tcpwm_0_interrupts_4_IRQHandler
                0x1008034c                udb_interrupts_3_IRQHandler
                0x1008034c                tcpwm_0_interrupts_5_IRQHandler
                0x1008034c                cpuss_interrupts_ipc_15_IRQHandler
                0x1008034c                cpuss_interrupts_cm4_cti_1_IRQHandler
                0x1008034c                scb_8_interrupt_IRQHandler
                0x1008034c                srss_interrupt_mcwdt_1_IRQHandler
                0x1008034c                cpuss_interrupts_dw1_2_IRQHandler
                0x1008034c                SVC_Handler
                0x1008034c                cpuss_interrupts_dw1_5_IRQHandler
                0x1008034c                cpuss_interrupts_ipc_1_IRQHandler
                0x1008034c                cpuss_interrupts_dw0_0_IRQHandler
                0x1008034c                ioss_interrupts_gpio_12_IRQHandler
                0x1008034c                cpuss_interrupts_ipc_3_IRQHandler
                0x1008034c                tcpwm_1_interrupts_17_IRQHandler
                0x1008034c                srss_interrupt_backup_IRQHandler
                0x1008034c                bless_interrupt_IRQHandler
                0x1008034c                cpuss_interrupts_ipc_10_IRQHandler
                0x1008034c                cpuss_interrupts_ipc_9_IRQHandler
                0x1008034c                cpuss_interrupts_dw0_14_IRQHandler
                0x1008034c                tcpwm_1_interrupts_4_IRQHandler
                0x1008034c                tcpwm_0_interrupts_3_IRQHandler
                0x1008034c                cpuss_interrupts_dw1_15_IRQHandler
                0x1008034c                ioss_interrupts_gpio_10_IRQHandler
                0x1008034c                udb_interrupts_10_IRQHandler
                0x1008034c                cpuss_interrupts_dw0_8_IRQHandler
                0x1008034c                ioss_interrupts_gpio_11_IRQHandler
                0x1008034c                cpuss_interrupts_ipc_14_IRQHandler
                0x1008034c                ioss_interrupts_gpio_5_IRQHandler
                0x1008034c                ioss_interrupts_gpio_4_IRQHandler
                0x1008034c                tcpwm_1_interrupts_8_IRQHandler
                0x1008034c                cpuss_interrupts_dw1_14_IRQHandler
                0x1008034c                usb_interrupt_med_IRQHandler
                0x1008034c                cpuss_interrupts_dw0_2_IRQHandler
                0x1008034c                tcpwm_1_interrupts_10_IRQHandler
                0x1008034c                cpuss_interrupts_fault_0_IRQHandler
                0x1008034c                cpuss_interrupts_dw0_12_IRQHandler
                0x1008034c                ioss_interrupts_gpio_6_IRQHandler
                0x1008034c                tcpwm_1_interrupts_21_IRQHandler
                0x1008034c                tcpwm_1_interrupts_16_IRQHandler
                0x1008034c                cpuss_interrupts_dw1_4_IRQHandler
                0x1008034c                udb_interrupts_15_IRQHandler
                0x1008034c                cpuss_interrupts_dw1_11_IRQHandler
                0x1008034c                cpuss_interrupts_dw0_6_IRQHandler
                0x1008034c                ioss_interrupt_vdd_IRQHandler
                0x1008034c                cpuss_interrupts_dw0_7_IRQHandler
                0x1008034c                audioss_interrupt_i2s_IRQHandler
                0x1008034c                tcpwm_1_interrupts_5_IRQHandler
                0x1008034c                cpuss_interrupts_ipc_2_IRQHandler
                0x1008034c                cpuss_interrupts_dw0_10_IRQHandler
                0x1008034c                tcpwm_1_interrupts_19_IRQHandler
                0x1008034c                cpuss_interrupts_dw0_1_IRQHandler
                0x1008034c                ioss_interrupts_gpio_9_IRQHandler
                0x1008034c                usb_interrupt_lo_IRQHandler
                0x1008034c                cpuss_interrupts_ipc_8_IRQHandler
                0x1008034c                udb_interrupts_14_IRQHandler
                0x1008034c                cpuss_interrupts_dw0_3_IRQHandler
                0x10080350                UsageFault_Handler
                0x10080350                HardFault_Handler
                0x10080350                MemManage_Handler
                0x10080350                BusFault_Handler
 .text.USBFS_IsrLow
                0x1008036c       0x1c .\CortexM4\ARM_GCC_541\Debug\main_cm4.o
 .text.USBFS_IsrMedium
                0x10080388       0x1c .\CortexM4\ARM_GCC_541\Debug\main_cm4.o
 .text.USBFS_IsrHigh
                0x100803a4       0x1c .\CortexM4\ARM_GCC_541\Debug\main_cm4.o
 .text.isEnabled
                0x100803c0       0x40 .\CortexM4\ARM_GCC_541\Debug\main_cm4.o
                0x100803c0                isEnabled
 .text.main     0x10080400      0x20c .\CortexM4\ARM_GCC_541\Debug\main_cm4.o
                0x10080400                main
 .text.Cy_SysIpcPipeIsrCm4
                0x1008060c        0xc .\CortexM4\ARM_GCC_541\Debug\system_psoc6_cm4.o
                0x1008060c                Cy_SysIpcPipeIsrCm4
 .text.Cy_SystemInit
                0x10080618        0x4 .\CortexM4\ARM_GCC_541\Debug\system_psoc6_cm4.o
                0x10080618                Cy_SystemInit
 .text.SystemCoreClockUpdate
                0x1008061c      0x188 .\CortexM4\ARM_GCC_541\Debug\system_psoc6_cm4.o
                0x1008061c                SystemCoreClockUpdate
 .text.SystemInit
                0x100807a4       0x48 .\CortexM4\ARM_GCC_541\Debug\system_psoc6_cm4.o
                0x100807a4                SystemInit
 .text.Cy_SystemInitFpuEnable
                0x100807ec       0x28 .\CortexM4\ARM_GCC_541\Debug\system_psoc6_cm4.o
                0x100807ec                Cy_SystemInitFpuEnable
 .text.Cy_DMA_Descriptor_Init
                0x10080814      0x270 .\CortexM4\ARM_GCC_541\Debug\cy_dma.o
                0x10080814                Cy_DMA_Descriptor_Init
 .text.Cy_DMA_Channel_Init
                0x10080a84       0xe8 .\CortexM4\ARM_GCC_541\Debug\cy_dma.o
                0x10080a84                Cy_DMA_Channel_Init
 .text.Cy_DMA_Descriptor_SetNextDescriptor
                0x10080b6c       0x1c .\CortexM4\ARM_GCC_541\Debug\cy_dma.o
                0x10080b6c                Cy_DMA_Descriptor_SetNextDescriptor
 .text.Cy_Flash_ProcessOpcode
                0x10080b88       0xac .\CortexM4\ARM_GCC_541\Debug\cy_flash.o
 .text.Cy_Flash_OperationStatus
                0x10080c34       0x5c .\CortexM4\ARM_GCC_541\Debug\cy_flash.o
 .text.Cy_Flash_InitExt
                0x10080c90       0x80 .\CortexM4\ARM_GCC_541\Debug\cy_flash.o
                0x10080c90                Cy_Flash_InitExt
 .text.Cy_Flash_Init
                0x10080d10       0x10 .\CortexM4\ARM_GCC_541\Debug\cy_flash.o
                0x10080d10                Cy_Flash_Init
 .text.Cy_GPIO_Pin_FastInit
                0x10080d20       0xf8 .\CortexM4\ARM_GCC_541\Debug\cy_gpio.o
                0x10080d20                Cy_GPIO_Pin_FastInit
 .text.Cy_IPC_Drv_LockRelease
                0x10080e18       0x3c .\CortexM4\ARM_GCC_541\Debug\cy_ipc_drv.o
                0x10080e18                Cy_IPC_Drv_LockRelease
 .text.Cy_IPC_Drv_SendMsgWord
                0x10080e54       0x3c .\CortexM4\ARM_GCC_541\Debug\cy_ipc_drv.o
                0x10080e54                Cy_IPC_Drv_SendMsgWord
 .text.Cy_IPC_Drv_ReadMsgWord
                0x10080e90       0x38 .\CortexM4\ARM_GCC_541\Debug\cy_ipc_drv.o
                0x10080e90                Cy_IPC_Drv_ReadMsgWord
 .text.Cy_IPC_Sema_InitExt
                0x10080ec8       0xac .\CortexM4\ARM_GCC_541\Debug\cy_ipc_sema.o
                0x10080ec8                Cy_IPC_Sema_InitExt
 .text.Cy_IPC_Sema_Init
                0x10080f74       0x64 .\CortexM4\ARM_GCC_541\Debug\cy_ipc_sema.o
                0x10080f74                Cy_IPC_Sema_Init
 .text.Cy_IPC_Sema_Clear
                0x10080fd8       0x88 .\CortexM4\ARM_GCC_541\Debug\cy_ipc_sema.o
                0x10080fd8                Cy_IPC_Sema_Clear
 .text.Cy_IPC_Sema_Status
                0x10081060       0x40 .\CortexM4\ARM_GCC_541\Debug\cy_ipc_sema.o
                0x10081060                Cy_IPC_Sema_Status
 .text.Cy_IPC_Pipe_Config
                0x100810a0       0x10 .\CortexM4\ARM_GCC_541\Debug\cy_ipc_pipe.o
                0x100810a0                Cy_IPC_Pipe_Config
 .text.Cy_IPC_Pipe_EndpointInit
                0x100810b0       0xd0 .\CortexM4\ARM_GCC_541\Debug\cy_ipc_pipe.o
                0x100810b0                Cy_IPC_Pipe_EndpointInit
 .text.Cy_IPC_Pipe_Init
                0x10081180       0xb4 .\CortexM4\ARM_GCC_541\Debug\cy_ipc_pipe.o
                0x10081180                Cy_IPC_Pipe_Init
 .text.Cy_IPC_Pipe_SendMessage
                0x10081234       0xa4 .\CortexM4\ARM_GCC_541\Debug\cy_ipc_pipe.o
                0x10081234                Cy_IPC_Pipe_SendMessage
 .text.Cy_IPC_Pipe_RegisterCallback
                0x100812d8       0x50 .\CortexM4\ARM_GCC_541\Debug\cy_ipc_pipe.o
                0x100812d8                Cy_IPC_Pipe_RegisterCallback
 .text.Cy_IPC_Pipe_ExecCallback
                0x10081328       0xbc .\CortexM4\ARM_GCC_541\Debug\cy_ipc_pipe.o
                0x10081328                Cy_IPC_Pipe_ExecCallback
 .text.Cy_IPC_Pipe_ExecuteCallback
                0x100813e4       0x2c .\CortexM4\ARM_GCC_541\Debug\cy_ipc_pipe.o
                0x100813e4                Cy_IPC_Pipe_ExecuteCallback
 .text.Cy_SysInt_SetVector
                0x10081410       0x48 .\CortexM4\ARM_GCC_541\Debug\cy_sysint.o
                0x10081410                Cy_SysInt_SetVector
 .text.Cy_SysInt_Init
                0x10081458       0x74 .\CortexM4\ARM_GCC_541\Debug\cy_sysint.o
                0x10081458                Cy_SysInt_Init
 .text.Cy_SysLib_Delay
                0x100814cc       0x30 .\CortexM4\ARM_GCC_541\Debug\cy_syslib.o
                0x100814cc                Cy_SysLib_Delay
 .text.Cy_SysLib_DelayUs
                0x100814fc       0x14 .\CortexM4\ARM_GCC_541\Debug\cy_syslib.o
                0x100814fc                Cy_SysLib_DelayUs
 .text.Cy_SysLib_Halt
                0x10081510        0x4 .\CortexM4\ARM_GCC_541\Debug\cy_syslib.o
                0x10081510                Cy_SysLib_Halt
 .text.Cy_SysLib_AssertFailed
                0x10081514       0x1c .\CortexM4\ARM_GCC_541\Debug\cy_syslib.o
                0x10081514                Cy_SysLib_AssertFailed
 .text.Cy_SysLib_GetUniqueId
                0x10081530       0x58 .\CortexM4\ARM_GCC_541\Debug\cy_syslib.o
                0x10081530                Cy_SysLib_GetUniqueId
 .text.Cy_SysLib_ProcessingFault
                0x10081588        0x4 .\CortexM4\ARM_GCC_541\Debug\cy_syslib.o
                0x10081588                Cy_SysLib_ProcessingFault
 .text.Cy_SysLib_FaultHandler
                0x1008158c       0xa4 .\CortexM4\ARM_GCC_541\Debug\cy_syslib.o
                0x1008158c                Cy_SysLib_FaultHandler
 .text          0x10081630       0x20 .\CortexM4\ARM_GCC_541\Debug\cy_syslib_gcc.o
                0x10081630                Cy_SysLib_DelayCycles
                0x10081642                Cy_SysLib_EnterCriticalSection
                0x1008164a                Cy_SysLib_ExitCriticalSection
 .text.Cy_TrigMux_SwTrigger
                0x10081650       0xd4 .\CortexM4\ARM_GCC_541\Debug\cy_trigmux.o
                0x10081650                Cy_TrigMux_SwTrigger
 .text.LpmIntrHandler
                0x10081724        0xc .\CortexM4\ARM_GCC_541\Debug\cy_usbfs_dev_drv.o
 .text.SofIntrHandler
                0x10081730        0xc .\CortexM4\ARM_GCC_541\Debug\cy_usbfs_dev_drv.o
 .text.Ep0IntrHandler
                0x1008173c       0x84 .\CortexM4\ARM_GCC_541\Debug\cy_usbfs_dev_drv.o
 .text.BusResetIntrHandler
                0x100817c0       0x2c .\CortexM4\ARM_GCC_541\Debug\cy_usbfs_dev_drv.o
 .text.SieEnpointIntrHandler
                0x100817ec       0xdc .\CortexM4\ARM_GCC_541\Debug\cy_usbfs_dev_drv.o
 .text.WriteEp0Buffer
                0x100818c8       0x34 .\CortexM4\ARM_GCC_541\Debug\cy_usbfs_dev_drv.o
 .text.ReadEp0Buffer
                0x100818fc       0x48 .\CortexM4\ARM_GCC_541\Debug\cy_usbfs_dev_drv.o
 .text.ArbiterIntrHandler
                0x10081944      0x17c .\CortexM4\ARM_GCC_541\Debug\cy_usbfs_dev_drv.o
 .text.Cy_USBFS_Dev_Drv_Init
                0x10081ac0      0x134 .\CortexM4\ARM_GCC_541\Debug\cy_usbfs_dev_drv.o
                0x10081ac0                Cy_USBFS_Dev_Drv_Init
 .text.Cy_USBFS_Dev_Drv_Enable
                0x10081bf4       0x1c .\CortexM4\ARM_GCC_541\Debug\cy_usbfs_dev_drv.o
                0x10081bf4                Cy_USBFS_Dev_Drv_Enable
 .text.Cy_USBFS_Dev_Drv_Disable
                0x10081c10       0x20 .\CortexM4\ARM_GCC_541\Debug\cy_usbfs_dev_drv.o
                0x10081c10                Cy_USBFS_Dev_Drv_Disable
 .text.Cy_USBFS_Dev_Drv_Interrupt
                0x10081c30       0x74 .\CortexM4\ARM_GCC_541\Debug\cy_usbfs_dev_drv.o
                0x10081c30                Cy_USBFS_Dev_Drv_Interrupt
 .text.Cy_USBFS_Dev_Drv_Ep0GetSetup
                0x10081ca4        0xc .\CortexM4\ARM_GCC_541\Debug\cy_usbfs_dev_drv.o
                0x10081ca4                Cy_USBFS_Dev_Drv_Ep0GetSetup
 .text.Cy_USBFS_Dev_Drv_Ep0Write
                0x10081cb0       0x4c .\CortexM4\ARM_GCC_541\Debug\cy_usbfs_dev_drv.o
                0x10081cb0                Cy_USBFS_Dev_Drv_Ep0Write
 .text.Cy_USBFS_Dev_Drv_Ep0Read
                0x10081cfc       0x24 .\CortexM4\ARM_GCC_541\Debug\cy_usbfs_dev_drv.o
                0x10081cfc                Cy_USBFS_Dev_Drv_Ep0Read
 .text.Cy_USBFS_Dev_Drv_RegisterServiceCallback
                0x10081d20       0x1c .\CortexM4\ARM_GCC_541\Debug\cy_usbfs_dev_drv.o
                0x10081d20                Cy_USBFS_Dev_Drv_RegisterServiceCallback
 .text.DisableEndpoint
                0x10081d3c       0x1c .\CortexM4\ARM_GCC_541\Debug\cy_usbfs_dev_drv_io.o
 .text.Cy_USBFS_Dev_Drv_ConfigDevice
                0x10081d58       0x68 .\CortexM4\ARM_GCC_541\Debug\cy_usbfs_dev_drv_io.o
                0x10081d58                Cy_USBFS_Dev_Drv_ConfigDevice
 .text.Cy_USBFS_Dev_Drv_UnConfigureDevice
                0x10081dc0       0x1c .\CortexM4\ARM_GCC_541\Debug\cy_usbfs_dev_drv_io.o
                0x10081dc0                Cy_USBFS_Dev_Drv_UnConfigureDevice
 .text.Cy_USBFS_Dev_Drv_ConfigDeviceComplete
                0x10081ddc       0x14 .\CortexM4\ARM_GCC_541\Debug\cy_usbfs_dev_drv_io.o
                0x10081ddc                Cy_USBFS_Dev_Drv_ConfigDeviceComplete
 .text.GetEndpointBuffer
                0x10081df0       0x38 .\CortexM4\ARM_GCC_541\Debug\cy_usbfs_dev_drv_io.o
                0x10081df0                GetEndpointBuffer
 .text.AddEndpointHwBuffer
                0x10081e28      0x150 .\CortexM4\ARM_GCC_541\Debug\cy_usbfs_dev_drv_io.o
                0x10081e28                AddEndpointHwBuffer
 .text.Cy_USBFS_Dev_Drv_RemoveEndpoint
                0x10081f78       0x3c .\CortexM4\ARM_GCC_541\Debug\cy_usbfs_dev_drv_io.o
                0x10081f78                Cy_USBFS_Dev_Drv_RemoveEndpoint
 .text.LoadInEndpointCpu
                0x10081fb4       0xb4 .\CortexM4\ARM_GCC_541\Debug\cy_usbfs_dev_drv_io.o
                0x10081fb4                LoadInEndpointCpu
 .text.ReadOutEndpointCpu
                0x10082068       0x74 .\CortexM4\ARM_GCC_541\Debug\cy_usbfs_dev_drv_io.o
                0x10082068                ReadOutEndpointCpu
 .text.Cy_USBFS_Dev_Drv_Abort
                0x100820dc       0x64 .\CortexM4\ARM_GCC_541\Debug\cy_usbfs_dev_drv_io.o
                0x100820dc                Cy_USBFS_Dev_Drv_Abort
 .text.Cy_USBFS_Dev_Drv_AbortComplete
                0x10082140       0x58 .\CortexM4\ARM_GCC_541\Debug\cy_usbfs_dev_drv_io.o
                0x10082140                Cy_USBFS_Dev_Drv_AbortComplete
 .text.Cy_USBFS_Dev_Drv_StallEndpoint
                0x10082198       0x6c .\CortexM4\ARM_GCC_541\Debug\cy_usbfs_dev_drv_io.o
                0x10082198                Cy_USBFS_Dev_Drv_StallEndpoint
 .text.Cy_USBFS_Dev_Drv_UnStallEndpoint
                0x10082204       0xc8 .\CortexM4\ARM_GCC_541\Debug\cy_usbfs_dev_drv_io.o
                0x10082204                Cy_USBFS_Dev_Drv_UnStallEndpoint
 .text.DmaEndpointInit1D
                0x100822cc       0xc8 .\CortexM4\ARM_GCC_541\Debug\cy_usbfs_dev_drv_io_dma.o
 .text.DmaEndpointInit2D
                0x10082394       0xf0 .\CortexM4\ARM_GCC_541\Debug\cy_usbfs_dev_drv_io_dma.o
 .text.DmaEndpointSetLength
                0x10082484      0x170 .\CortexM4\ARM_GCC_541\Debug\cy_usbfs_dev_drv_io_dma.o
 .text.DmaDisable
                0x100825f4       0x60 .\CortexM4\ARM_GCC_541\Debug\cy_usbfs_dev_drv_io_dma.o
                0x100825f4                DmaDisable
 .text.DmaInit  0x10082654      0x138 .\CortexM4\ARM_GCC_541\Debug\cy_usbfs_dev_drv_io_dma.o
                0x10082654                DmaInit
 .text.DmaOutEndpointRestore
                0x1008278c       0xcc .\CortexM4\ARM_GCC_541\Debug\cy_usbfs_dev_drv_io_dma.o
                0x1008278c                DmaOutEndpointRestore
 .text.DmaEndpointInit
                0x10082858       0xc8 .\CortexM4\ARM_GCC_541\Debug\cy_usbfs_dev_drv_io_dma.o
                0x10082858                DmaEndpointInit
 .text.DynamicEndpointReConfiguration
                0x10082920       0x84 .\CortexM4\ARM_GCC_541\Debug\cy_usbfs_dev_drv_io_dma.o
                0x10082920                DynamicEndpointReConfiguration
 .text.AddEndpointRamBuffer
                0x100829a4      0x144 .\CortexM4\ARM_GCC_541\Debug\cy_usbfs_dev_drv_io_dma.o
                0x100829a4                AddEndpointRamBuffer
 .text.LoadInEndpointDma
                0x10082ae8      0x154 .\CortexM4\ARM_GCC_541\Debug\cy_usbfs_dev_drv_io_dma.o
                0x10082ae8                LoadInEndpointDma
 .text.ReadOutEndpointDma
                0x10082c3c      0x144 .\CortexM4\ARM_GCC_541\Debug\cy_usbfs_dev_drv_io_dma.o
                0x10082c3c                ReadOutEndpointDma
 .text.LoadInEndpointDmaAuto
                0x10082d80      0x178 .\CortexM4\ARM_GCC_541\Debug\cy_usbfs_dev_drv_io_dma.o
                0x10082d80                LoadInEndpointDmaAuto
 .text.ReadOutEndpointDmaAuto
                0x10082ef8       0x68 .\CortexM4\ARM_GCC_541\Debug\cy_usbfs_dev_drv_io_dma.o
                0x10082ef8                ReadOutEndpointDmaAuto
 .text.Cy_PDL_Init
                0x10082f60        0xc .\CortexM4\ARM_GCC_541\Debug\cy_device.o
                0x10082f60                Cy_PDL_Init
 .text.Cy_TCPWM_PWM_Init
                0x10082f6c      0x16c .\CortexM4\ARM_GCC_541\Debug\cy_tcpwm_pwm.o
                0x10082f6c                Cy_TCPWM_PWM_Init
 .text.ConvertEndpointStateToStatus
                0x100830d8       0x30 .\CortexM4\ARM_GCC_541\Debug\cy_usb_dev.o
 .text.BusResetCallback
                0x10083108       0x38 .\CortexM4\ARM_GCC_541\Debug\cy_usb_dev.o
 .text.DecodeSetupPacket
                0x10083140       0x3c .\CortexM4\ARM_GCC_541\Debug\cy_usb_dev.o
 .text.SetDeviceAddress
                0x1008317c       0x2c .\CortexM4\ARM_GCC_541\Debug\cy_usb_dev.o
 .text.GetDescriptorRequest
                0x100831a8       0xf0 .\CortexM4\ARM_GCC_541\Debug\cy_usb_dev.o
 .text.GetConfigurationRequest
                0x10083298        0xc .\CortexM4\ARM_GCC_541\Debug\cy_usb_dev.o
 .text.GetInterfaceRequest
                0x100832a4       0x40 .\CortexM4\ARM_GCC_541\Debug\cy_usb_dev.o
 .text.SetAddressRequest
                0x100832e4        0xc .\CortexM4\ARM_GCC_541\Debug\cy_usb_dev.o
 .text.ConfigureDataEndpoints
                0x100832f0       0xf0 .\CortexM4\ARM_GCC_541\Debug\cy_usb_dev.o
 .text.InterfaceAddDataEndpoints
                0x100833e0       0x60 .\CortexM4\ARM_GCC_541\Debug\cy_usb_dev.o
 .text.CallSetInterfaceCallbacks
                0x10083440       0x30 .\CortexM4\ARM_GCC_541\Debug\cy_usb_dev.o
 .text.HandleClassRequests
                0x10083470       0x2c .\CortexM4\ARM_GCC_541\Debug\cy_usb_dev.o
 .text.HandleClassRequestsCompleted
                0x1008349c       0x2c .\CortexM4\ARM_GCC_541\Debug\cy_usb_dev.o
 .text.GetExtOsStringDescriptors
                0x100834c8       0x48 .\CortexM4\ARM_GCC_541\Debug\cy_usb_dev.o
 .text.HandleVendorRequests
                0x10083510       0x30 .\CortexM4\ARM_GCC_541\Debug\cy_usb_dev.o
 .text.HandleVendorRequestsCompleted
                0x10083540       0x14 .\CortexM4\ARM_GCC_541\Debug\cy_usb_dev.o
 .text.HandleOut
                0x10083554       0xa4 .\CortexM4\ARM_GCC_541\Debug\cy_usb_dev.o
 .text.Ep0OutCallback
                0x100835f8       0x14 .\CortexM4\ARM_GCC_541\Debug\cy_usb_dev.o
 .text.HandleIn
                0x1008360c       0x68 .\CortexM4\ARM_GCC_541\Debug\cy_usb_dev.o
 .text.Ep0InCallback
                0x10083674        0xc .\CortexM4\ARM_GCC_541\Debug\cy_usb_dev.o
 .text.GetStatusRequest
                0x10083680       0x98 .\CortexM4\ARM_GCC_541\Debug\cy_usb_dev.o
 .text.SetConfigurationRequest
                0x10083718       0xd0 .\CortexM4\ARM_GCC_541\Debug\cy_usb_dev.o
 .text.InterfaceRemoveDataEndpoints
                0x100837e8       0x3c .\CortexM4\ARM_GCC_541\Debug\cy_usb_dev.o
 .text.SetInterfaceRequest
                0x10083824       0xac .\CortexM4\ARM_GCC_541\Debug\cy_usb_dev.o
 .text.ClearFeatureRequest
                0x100838d0       0x5c .\CortexM4\ARM_GCC_541\Debug\cy_usb_dev.o
 .text.SetFeatureRequest
                0x1008392c       0x5c .\CortexM4\ARM_GCC_541\Debug\cy_usb_dev.o
 .text.HandleStandardRequests
                0x10083988       0x78 .\CortexM4\ARM_GCC_541\Debug\cy_usb_dev.o
 .text.HandleSetup
                0x10083a00      0x114 .\CortexM4\ARM_GCC_541\Debug\cy_usb_dev.o
 .text.Ep0SetupCallback
                0x10083b14       0x14 .\CortexM4\ARM_GCC_541\Debug\cy_usb_dev.o
 .text.HandleTimeout
                0x10083b28       0x10 .\CortexM4\ARM_GCC_541\Debug\cy_usb_dev.o
 .text.InitSerialNumberString
                0x10083b38       0x68 .\CortexM4\ARM_GCC_541\Debug\cy_usb_dev.o
 .text.Cy_USB_Dev_Init
                0x10083ba0       0xe4 .\CortexM4\ARM_GCC_541\Debug\cy_usb_dev.o
                0x10083ba0                Cy_USB_Dev_Init
 .text.Cy_USB_Dev_Disconnect
                0x10083c84       0x18 .\CortexM4\ARM_GCC_541\Debug\cy_usb_dev.o
                0x10083c84                Cy_USB_Dev_Disconnect
 .text.Cy_USB_Dev_Connect
                0x10083c9c       0x58 .\CortexM4\ARM_GCC_541\Debug\cy_usb_dev.o
                0x10083c9c                Cy_USB_Dev_Connect
 .text.Cy_USB_Dev_AbortEpTransfer
                0x10083cf4       0x6c .\CortexM4\ARM_GCC_541\Debug\cy_usb_dev.o
                0x10083cf4                Cy_USB_Dev_AbortEpTransfer
 .text.Cy_USB_Dev_WriteEpBlocking
                0x10083d60      0x13c .\CortexM4\ARM_GCC_541\Debug\cy_usb_dev.o
                0x10083d60                Cy_USB_Dev_WriteEpBlocking
 .text.Cy_USB_Dev_RegisterClass
                0x10083e9c       0x38 .\CortexM4\ARM_GCC_541\Debug\cy_usb_dev.o
                0x10083e9c                Cy_USB_Dev_RegisterClass
 .text.GetDescriptorHidReportRequest
                0x10083ed4        0xc .\CortexM4\ARM_GCC_541\Debug\cy_usb_dev_hid.o
 .text.GetDescriptorHidClassRequest
                0x10083ee0        0xc .\CortexM4\ARM_GCC_541\Debug\cy_usb_dev_hid.o
 .text.GetReportRequest
                0x10083eec       0x30 .\CortexM4\ARM_GCC_541\Debug\cy_usb_dev_hid.o
 .text.GetProtocolRequest
                0x10083f1c       0x20 .\CortexM4\ARM_GCC_541\Debug\cy_usb_dev_hid.o
 .text.SetReportRequest
                0x10083f3c       0x18 .\CortexM4\ARM_GCC_541\Debug\cy_usb_dev_hid.o
 .text.SetReportRequestComplete
                0x10083f54       0x28 .\CortexM4\ARM_GCC_541\Debug\cy_usb_dev_hid.o
 .text.HandleRequestComplete
                0x10083f7c       0x18 .\CortexM4\ARM_GCC_541\Debug\cy_usb_dev_hid.o
 .text.SetProtocolRequest
                0x10083f94       0x20 .\CortexM4\ARM_GCC_541\Debug\cy_usb_dev_hid.o
 .text.UpdateIdleRateTimer
                0x10083fb4       0x24 .\CortexM4\ARM_GCC_541\Debug\cy_usb_dev_hid.o
 .text.GetInputReportIdx
                0x10083fd8       0x3c .\CortexM4\ARM_GCC_541\Debug\cy_usb_dev_hid.o
 .text.GetIdleRequest
                0x10084014       0x2c .\CortexM4\ARM_GCC_541\Debug\cy_usb_dev_hid.o
 .text.GetHidStruct
                0x10084040       0x58 .\CortexM4\ARM_GCC_541\Debug\cy_usb_dev_hid.o
 .text.SetIdleRequest
                0x10084098       0x68 .\CortexM4\ARM_GCC_541\Debug\cy_usb_dev_hid.o
 .text.HandleRequest
                0x10084100       0xb8 .\CortexM4\ARM_GCC_541\Debug\cy_usb_dev_hid.o
 .text.HandleBusReset
                0x100841b8       0x28 .\CortexM4\ARM_GCC_541\Debug\cy_usb_dev_hid.o
 .text.Cy_USB_Dev_HID_Init
                0x100841e0       0x5c .\CortexM4\ARM_GCC_541\Debug\cy_usb_dev_hid.o
                0x100841e0                Cy_USB_Dev_HID_Init
 .text.CapSense_Initialize
                0x1008423c       0x24 .\CortexM4\ARM_GCC_541\Debug\CapSense_Control.o
                0x1008423c                CapSense_Initialize
 .text.CapSense_Start
                0x10084260       0x34 .\CortexM4\ARM_GCC_541\Debug\CapSense_Control.o
                0x10084260                CapSense_Start
 .text.CapSense_ProcessAllWidgets
                0x10084294       0x74 .\CortexM4\ARM_GCC_541\Debug\CapSense_Control.o
                0x10084294                CapSense_ProcessAllWidgets
 .text.CapSense_DpInitialize
                0x10084308       0x84 .\CortexM4\ARM_GCC_541\Debug\CapSense_Processing.o
                0x10084308                CapSense_DpInitialize
 .text.CapSense_DpUpdateThresholds
                0x1008438c       0x34 .\CortexM4\ARM_GCC_541\Debug\CapSense_Processing.o
                0x1008438c                CapSense_DpUpdateThresholds
 .text.CapSense_DpUpdateDifferences
                0x100843c0       0x18 .\CortexM4\ARM_GCC_541\Debug\CapSense_Processing.o
                0x100843c0                CapSense_DpUpdateDifferences
 .text.CapSense_DpProcessCsxWidgetRawCounts
                0x100843d8       0x38 .\CortexM4\ARM_GCC_541\Debug\CapSense_Processing.o
                0x100843d8                CapSense_DpProcessCsxWidgetRawCounts
 .text.CapSense_DpProcessCsdWidgetRawCounts
                0x10084410       0x54 .\CortexM4\ARM_GCC_541\Debug\CapSense_Processing.o
                0x10084410                CapSense_DpProcessCsdWidgetRawCounts
 .text.CapSense_DpProcessButton
                0x10084464       0x64 .\CortexM4\ARM_GCC_541\Debug\CapSense_Processing.o
                0x10084464                CapSense_DpProcessButton
 .text.CapSense_DpProcessCsxWidgetStatus
                0x100844c8       0x64 .\CortexM4\ARM_GCC_541\Debug\CapSense_Processing.o
                0x100844c8                CapSense_DpProcessCsxWidgetStatus
 .text.CapSense_DpProcessSlider
                0x1008452c       0xcc .\CortexM4\ARM_GCC_541\Debug\CapSense_Processing.o
                0x1008452c                CapSense_DpProcessSlider
 .text.CapSense_DpProcessCsdWidgetStatus
                0x100845f8       0x74 .\CortexM4\ARM_GCC_541\Debug\CapSense_Processing.o
                0x100845f8                CapSense_DpProcessCsdWidgetStatus
 .text.CapSense_DsInitialize
                0x1008466c       0x7c .\CortexM4\ARM_GCC_541\Debug\CapSense_Structure.o
                0x1008466c                CapSense_DsInitialize
 .text.CapSense_IsWidgetActive
                0x100846e8       0x28 .\CortexM4\ARM_GCC_541\Debug\CapSense_Structure.o
                0x100846e8                CapSense_IsWidgetActive
 .text.CapSense_GetCentroidPos
                0x10084710       0x38 .\CortexM4\ARM_GCC_541\Debug\CapSense_Structure.o
                0x10084710                CapSense_GetCentroidPos
 .text.CapSense_TuInitialize
                0x10084748       0x14 .\CortexM4\ARM_GCC_541\Debug\CapSense_Tuner.o
                0x10084748                CapSense_TuInitialize
 .text.CapSense_FtInitializeBaselineChannel
                0x1008475c       0x20 .\CortexM4\ARM_GCC_541\Debug\CapSense_Filter.o
                0x1008475c                CapSense_FtInitializeBaselineChannel
 .text.CapSense_FtInitializeBaseline
                0x1008477c       0x20 .\CortexM4\ARM_GCC_541\Debug\CapSense_Filter.o
                0x1008477c                CapSense_FtInitializeBaseline
 .text.CapSense_InitializeSensorBaseline
                0x1008479c       0x20 .\CortexM4\ARM_GCC_541\Debug\CapSense_Filter.o
                0x1008479c                CapSense_InitializeSensorBaseline
 .text.CapSense_InitializeWidgetBaseline
                0x100847bc       0x28 .\CortexM4\ARM_GCC_541\Debug\CapSense_Filter.o
                0x100847bc                CapSense_InitializeWidgetBaseline
 .text.CapSense_InitializeAllBaselines
                0x100847e4       0x18 .\CortexM4\ARM_GCC_541\Debug\CapSense_Filter.o
                0x100847e4                CapSense_InitializeAllBaselines
 .text.CapSense_InitializeWidgetFilter
                0x100847fc       0x48 .\CortexM4\ARM_GCC_541\Debug\CapSense_Filter.o
                0x100847fc                CapSense_InitializeWidgetFilter
 .text.CapSense_InitializeAllFilters
                0x10084844       0x18 .\CortexM4\ARM_GCC_541\Debug\CapSense_Filter.o
                0x10084844                CapSense_InitializeAllFilters
 .text.CapSense_FtInitialize
                0x1008485c        0x8 .\CortexM4\ARM_GCC_541\Debug\CapSense_Filter.o
                0x1008485c                CapSense_FtInitialize
 .text.CapSense_FtIIR1stOrder
                0x10084864       0x14 .\CortexM4\ARM_GCC_541\Debug\CapSense_Filter.o
                0x10084864                CapSense_FtIIR1stOrder
 .text.CapSense_FtUpdateBaseline
                0x10084878       0xa0 .\CortexM4\ARM_GCC_541\Debug\CapSense_Filter.o
                0x10084878                CapSense_FtUpdateBaseline
 .text.CapSense_UpdateSensorBaseline
                0x10084918       0x24 .\CortexM4\ARM_GCC_541\Debug\CapSense_Filter.o
                0x10084918                CapSense_UpdateSensorBaseline
 .text.CapSense_UpdateWidgetBaseline
                0x1008493c       0x2c .\CortexM4\ARM_GCC_541\Debug\CapSense_Filter.o
                0x1008493c                CapSense_UpdateWidgetBaseline
 .text.CapSense_UpdateAllBaselines
                0x10084968       0x1c .\CortexM4\ARM_GCC_541\Debug\CapSense_Filter.o
                0x10084968                CapSense_UpdateAllBaselines
 .text.CapSense_SsCalcLfsrSize
                0x10084984       0xb0 .\CortexM4\ARM_GCC_541\Debug\CapSense_Sensing.o
 .text.CapSense_SsCalcLfsrScale
                0x10084a34       0x38 .\CortexM4\ARM_GCC_541\Debug\CapSense_Sensing.o
 .text.CapSense_SsDisableCSXMode
                0x10084a6c        0x8 .\CortexM4\ARM_GCC_541\Debug\CapSense_Sensing.o
 .text.CapSense_SsCSDDisableMode
                0x10084a74       0x38 .\CortexM4\ARM_GCC_541\Debug\CapSense_Sensing.o
 .text.CapSense_IsBusy
                0x10084aac       0x10 .\CortexM4\ARM_GCC_541\Debug\CapSense_Sensing.o
                0x10084aac                CapSense_IsBusy
 .text.CapSense_SetBusyFlags
                0x10084abc       0x18 .\CortexM4\ARM_GCC_541\Debug\CapSense_Sensing.o
                0x10084abc                CapSense_SetBusyFlags
 .text.CapSense_ClrBusyFlags
                0x10084ad4       0x18 .\CortexM4\ARM_GCC_541\Debug\CapSense_Sensing.o
                0x10084ad4                CapSense_ClrBusyFlags
 .text.CapSense_SetupWidget
                0x10084aec       0x64 .\CortexM4\ARM_GCC_541\Debug\CapSense_Sensing.o
                0x10084aec                CapSense_SetupWidget
 .text.CapSense_Scan
                0x10084b50       0x3c .\CortexM4\ARM_GCC_541\Debug\CapSense_Sensing.o
                0x10084b50                CapSense_Scan
 .text.CapSense_ScanAllWidgets
                0x10084b8c       0x54 .\CortexM4\ARM_GCC_541\Debug\CapSense_Sensing.o
                0x10084b8c                CapSense_ScanAllWidgets
 .text.CapSense_SsSwitchSensingMode
                0x10084be0       0x50 .\CortexM4\ARM_GCC_541\Debug\CapSense_Sensing.o
                0x10084be0                CapSense_SsSwitchSensingMode
 .text.CapSense_SsSetIOsInDefaultState
                0x10084c30       0x28 .\CortexM4\ARM_GCC_541\Debug\CapSense_Sensing.o
                0x10084c30                CapSense_SsSetIOsInDefaultState
 .text.CapSense_SsPostAllWidgetsScan
                0x10084c58       0x78 .\CortexM4\ARM_GCC_541\Debug\CapSense_Sensing.o
                0x10084c58                CapSense_SsPostAllWidgetsScan
 .text.CapSense_SsIsrInitialize
                0x10084cd0       0x58 .\CortexM4\ARM_GCC_541\Debug\CapSense_Sensing.o
                0x10084cd0                CapSense_SsIsrInitialize
 .text.CapSense_CalibrateWidget
                0x10084d28       0x3c .\CortexM4\ARM_GCC_541\Debug\CapSense_Sensing.o
                0x10084d28                CapSense_CalibrateWidget
 .text.CapSense_CalibrateAllWidgets
                0x10084d64       0x1c .\CortexM4\ARM_GCC_541\Debug\CapSense_Sensing.o
                0x10084d64                CapSense_CalibrateAllWidgets
 .text.CapSense_SsClearCSDSensors
                0x10084d80       0x44 .\CortexM4\ARM_GCC_541\Debug\CapSense_Sensing.o
                0x10084d80                CapSense_SsClearCSDSensors
 .text.CapSense_SsCSDGetColSnsClkDivider
                0x10084dc4       0x14 .\CortexM4\ARM_GCC_541\Debug\CapSense_Sensing.o
                0x10084dc4                CapSense_SsCSDGetColSnsClkDivider
 .text.CapSense_SsCSDSetColSnsClkDivider
                0x10084dd8       0x14 .\CortexM4\ARM_GCC_541\Debug\CapSense_Sensing.o
                0x10084dd8                CapSense_SsCSDSetColSnsClkDivider
 .text.CapSense_SsCSDCalcPrsSize
                0x10084dec       0x24 .\CortexM4\ARM_GCC_541\Debug\CapSense_Sensing.o
                0x10084dec                CapSense_SsCSDCalcPrsSize
 .text.CapSense_SsSetWidgetSenseClkSrc
                0x10084e10       0x54 .\CortexM4\ARM_GCC_541\Debug\CapSense_Sensing.o
 .text.CapSense_SsAutoTune
                0x10084e64      0x18c .\CortexM4\ARM_GCC_541\Debug\CapSense_Sensing.o
                0x10084e64                CapSense_SsAutoTune
 .text.CapSense_SsInitializeSourceSenseClk
                0x10084ff0       0x64 .\CortexM4\ARM_GCC_541\Debug\CapSense_Sensing.o
                0x10084ff0                CapSense_SsInitializeSourceSenseClk
 .text.CapSense_SsInitialize
                0x10085054       0x14 .\CortexM4\ARM_GCC_541\Debug\CapSense_Sensing.o
                0x10085054                CapSense_SsInitialize
 .text.CapSense_BistDischargeExtCapacitors
                0x10085068       0xc0 .\CortexM4\ARM_GCC_541\Debug\CapSense_Sensing.o
                0x10085068                CapSense_BistDischargeExtCapacitors
 .text.CapSense_SsCSDPostScan
                0x10085128       0x54 .\CortexM4\ARM_GCC_541\Debug\CapSense_INT.o
 .text.CapSense_SsCSDInitNextScan
                0x1008517c       0xa0 .\CortexM4\ARM_GCC_541\Debug\CapSense_INT.o
 .text.CapSense_CSDPostSingleScan
                0x1008521c       0x2c .\CortexM4\ARM_GCC_541\Debug\CapSense_INT.o
                0x1008521c                CapSense_CSDPostSingleScan
 .text.CapSense_CSDPostMultiScan
                0x10085248       0x44 .\CortexM4\ARM_GCC_541\Debug\CapSense_INT.o
                0x10085248                CapSense_CSDPostMultiScan
 .text.CapSense_SsCSDSetModeSnsClockDivider
                0x1008528c       0x10 .\CortexM4\ARM_GCC_541\Debug\CapSense_SensingCSD_LL.o
 .text.CapSense_SsCSDSetFilterDelay
                0x1008529c       0x50 .\CortexM4\ARM_GCC_541\Debug\CapSense_SensingCSD_LL.o
 .text.CapSense_SsCSDConfigIDACs
                0x100852ec       0x1c .\CortexM4\ARM_GCC_541\Debug\CapSense_SensingCSD_LL.o
 .text.CapSense_SsCSDSetSingleIdacMode
                0x10085308       0x28 .\CortexM4\ARM_GCC_541\Debug\CapSense_SensingCSD_LL.o
 .text.CapSense_SsCSDRestoreIdacMode
                0x10085330       0x2c .\CortexM4\ARM_GCC_541\Debug\CapSense_SensingCSD_LL.o
 .text.CapSense_SsCSDCalibrateCheck
                0x1008535c       0x4c .\CortexM4\ARM_GCC_541\Debug\CapSense_SensingCSD_LL.o
 .text.CapSense_SsCSDCmodPrecharge
                0x100853a8       0x6c .\CortexM4\ARM_GCC_541\Debug\CapSense_SensingCSD_LL.o
 .text.CapSense_SsCSDTriggerScan
                0x10085414       0x98 .\CortexM4\ARM_GCC_541\Debug\CapSense_SensingCSD_LL.o
 .text.CapSense_SsCSDInitialize
                0x100854ac      0x144 .\CortexM4\ARM_GCC_541\Debug\CapSense_SensingCSD_LL.o
                0x100854ac                CapSense_SsCSDInitialize
 .text.CapSense_SsCSDSetUpIdacs
                0x100855f0       0x50 .\CortexM4\ARM_GCC_541\Debug\CapSense_SensingCSD_LL.o
                0x100855f0                CapSense_SsCSDSetUpIdacs
 .text.CapSense_SsCSDGetNumberOfConversions
                0x10085640       0x30 .\CortexM4\ARM_GCC_541\Debug\CapSense_SensingCSD_LL.o
                0x10085640                CapSense_SsCSDGetNumberOfConversions
 .text.CapSense_SsCSDConfigClock
                0x10085670       0x3c .\CortexM4\ARM_GCC_541\Debug\CapSense_SensingCSD_LL.o
                0x10085670                CapSense_SsCSDConfigClock
 .text.CapSense_SsCSDCalculateScanDuration
                0x100856ac       0x18 .\CortexM4\ARM_GCC_541\Debug\CapSense_SensingCSD_LL.o
                0x100856ac                CapSense_SsCSDCalculateScanDuration
 .text.CapSense_SsCSDStartSample
                0x100856c4       0x44 .\CortexM4\ARM_GCC_541\Debug\CapSense_SensingCSD_LL.o
                0x100856c4                CapSense_SsCSDStartSample
 .text.CapSense_CSDScanExt
                0x10085708       0x18 .\CortexM4\ARM_GCC_541\Debug\CapSense_SensingCSD_LL.o
                0x10085708                CapSense_CSDScanExt
 .text.CapSense_CSDConnectSns
                0x10085720       0xa0 .\CortexM4\ARM_GCC_541\Debug\CapSense_SensingCSD_LL.o
                0x10085720                CapSense_CSDConnectSns
 .text.CapSense_CSDScan
                0x100857c0       0x6c .\CortexM4\ARM_GCC_541\Debug\CapSense_SensingCSD_LL.o
                0x100857c0                CapSense_CSDScan
 .text.CapSense_SsCSDConnectSensorExt
                0x1008582c       0x24 .\CortexM4\ARM_GCC_541\Debug\CapSense_SensingCSD_LL.o
                0x1008582c                CapSense_SsCSDConnectSensorExt
 .text.CapSense_CSDDisconnectSns
                0x10085850       0xac .\CortexM4\ARM_GCC_541\Debug\CapSense_SensingCSD_LL.o
                0x10085850                CapSense_CSDDisconnectSns
 .text.CapSense_SsCSDElectrodeCheck
                0x100858fc       0x24 .\CortexM4\ARM_GCC_541\Debug\CapSense_SensingCSD_LL.o
                0x100858fc                CapSense_SsCSDElectrodeCheck
 .text.CapSense_CSDSetupWidget
                0x10085920       0x58 .\CortexM4\ARM_GCC_541\Debug\CapSense_SensingCSD_LL.o
                0x10085920                CapSense_CSDSetupWidget
 .text.CapSense_CSDSetupWidgetExt
                0x10085978       0x64 .\CortexM4\ARM_GCC_541\Debug\CapSense_SensingCSD_LL.o
                0x10085978                CapSense_CSDSetupWidgetExt
 .text.CapSense_SsCSDCalibrateOneSensor
                0x100859dc       0xe4 .\CortexM4\ARM_GCC_541\Debug\CapSense_SensingCSD_LL.o
 .text.CapSense_CSDCalibrateWidget
                0x10085ac0      0x114 .\CortexM4\ARM_GCC_541\Debug\CapSense_SensingCSD_LL.o
                0x10085ac0                CapSense_CSDCalibrateWidget
 .text.CapSense_SsCalcCsxScanPeriod
                0x10085bd4       0x10 .\CortexM4\ARM_GCC_541\Debug\CapSense_SensingCSX_LL.o
 .text.CapSense_CSXScanISR
                0x10085be4       0xd0 .\CortexM4\ARM_GCC_541\Debug\CapSense_SensingCSX_LL.o
                0x10085be4                CapSense_CSXScanISR
 .text.CapSense_SsCSXStartSample
                0x10085cb4      0x14c .\CortexM4\ARM_GCC_541\Debug\CapSense_SensingCSX_LL.o
 .text.CapSense_CSXInitialize
                0x10085e00      0x160 .\CortexM4\ARM_GCC_541\Debug\CapSense_SensingCSX_LL.o
                0x10085e00                CapSense_CSXInitialize
 .text.CapSense_CSXCalibrateWidget
                0x10085f60       0xcc .\CortexM4\ARM_GCC_541\Debug\CapSense_SensingCSX_LL.o
                0x10085f60                CapSense_CSXCalibrateWidget
 .text.CapSense_CSXConnectTx
                0x1008602c       0xa0 .\CortexM4\ARM_GCC_541\Debug\CapSense_SensingCSX_LL.o
                0x1008602c                CapSense_CSXConnectTx
 .text.CapSense_CSXConnectRx
                0x100860cc       0x9c .\CortexM4\ARM_GCC_541\Debug\CapSense_SensingCSX_LL.o
                0x100860cc                CapSense_CSXConnectRx
 .text.CapSense_CSXScan
                0x10086168       0x60 .\CortexM4\ARM_GCC_541\Debug\CapSense_SensingCSX_LL.o
                0x10086168                CapSense_CSXScan
 .text.CapSense_CSXDisconnectTx
                0x100861c8       0x64 .\CortexM4\ARM_GCC_541\Debug\CapSense_SensingCSX_LL.o
                0x100861c8                CapSense_CSXDisconnectTx
 .text.CapSense_CSXDisconnectRx
                0x1008622c       0xac .\CortexM4\ARM_GCC_541\Debug\CapSense_SensingCSX_LL.o
                0x1008622c                CapSense_CSXDisconnectRx
 .text.CapSense_SsCSXPostMultiScan
                0x100862d8       0xd0 .\CortexM4\ARM_GCC_541\Debug\CapSense_SensingCSX_LL.o
 .text.CapSense_CSXElectrodeCheck
                0x100863a8       0x24 .\CortexM4\ARM_GCC_541\Debug\CapSense_SensingCSX_LL.o
                0x100863a8                CapSense_CSXElectrodeCheck
 .text.CapSense_CSXSetupWidget
                0x100863cc       0x8c .\CortexM4\ARM_GCC_541\Debug\CapSense_SensingCSX_LL.o
                0x100863cc                CapSense_CSXSetupWidget
 .text.CapSense_SsCSXGetTxClkDivider
                0x10086458       0x14 .\CortexM4\ARM_GCC_541\Debug\CapSense_SensingCSX_LL.o
                0x10086458                CapSense_SsCSXGetTxClkDivider
 .text.CapSense_DpFindLocalMaxSd
                0x1008646c       0xd8 .\CortexM4\ARM_GCC_541\Debug\CapSense_Centroid_LL.o
                0x1008646c                CapSense_DpFindLocalMaxSd
 .text.CapSense_DpCalcLinearCentroid
                0x10086544       0x84 .\CortexM4\ARM_GCC_541\Debug\CapSense_Centroid_LL.o
                0x10086544                CapSense_DpCalcLinearCentroid
 .text.PWM_1_Start
                0x100865c8       0x30 .\CortexM4\ARM_GCC_541\Debug\PWM_1.o
                0x100865c8                PWM_1_Start
 .text.SmartSense_TunePrescalers
                0x100865f8       0x4c C:\Program Files (x86)\Cypress\PSoC Creator\4.4\PSoC Creator\psoc\content\CyComponentLibrary\CyComponentLibrary.cylib\CapSense_v3_0\Library\CapSense_Library_GCC_M4.a(CapSense_SmartSense_LL.o)
                0x100865f8                SmartSense_TunePrescalers
 .text.SmartSense_TuneSensitivity
                0x10086644       0x64 C:\Program Files (x86)\Cypress\PSoC Creator\4.4\PSoC Creator\psoc\content\CyComponentLibrary\CyComponentLibrary.cylib\CapSense_v3_0\Library\CapSense_Library_GCC_M4.a(CapSense_SmartSense_LL.o)
                0x10086644                SmartSense_TuneSensitivity
 .text.SmartSense_UpdateThresholds
                0x100866a8       0x38 C:\Program Files (x86)\Cypress\PSoC Creator\4.4\PSoC Creator\psoc\content\CyComponentLibrary\CyComponentLibrary.cylib\CapSense_v3_0\Library\CapSense_Library_GCC_M4.a(CapSense_SmartSense_SL.o)
                0x100866a8                SmartSense_UpdateThresholds
 .text.SmartSense_InitializeNoiseEnvelope
                0x100866e0       0x18 C:\Program Files (x86)\Cypress\PSoC Creator\4.4\PSoC Creator\psoc\content\CyComponentLibrary\CyComponentLibrary.cylib\CapSense_v3_0\Library\CapSense_Library_GCC_M4.a(CapSense_SmartSense_SL.o)
                0x100866e0                SmartSense_InitializeNoiseEnvelope
 .text.SmartSense_RunNoiseEnvelope
                0x100866f8       0x8a C:\Program Files (x86)\Cypress\PSoC Creator\4.4\PSoC Creator\psoc\content\CyComponentLibrary\CyComponentLibrary.cylib\CapSense_v3_0\Library\CapSense_Library_GCC_M4.a(CapSense_SmartSense_SL.o)
                0x100866f8                SmartSense_RunNoiseEnvelope
 .text.memcpy   0x10086782       0x16 c:/program files (x86)/cypress/psoc creator/4.4/psoc creator/import/gnu/arm/5.4.1/bin/../lib/gcc/arm-none-eabi/5.4.1/../../../../arm-none-eabi/lib/armv7e-m/softfp\libg_nano.a(lib_a-memcpy-stub.o)
                0x10086782                memcpy
 .text.memset   0x10086798       0x10 c:/program files (x86)/cypress/psoc creator/4.4/psoc creator/import/gnu/arm/5.4.1/bin/../lib/gcc/arm-none-eabi/5.4.1/../../../../arm-none-eabi/lib/armv7e-m/softfp\libg_nano.a(lib_a-memset.o)
                0x10086798                memset
 .text.strncpy  0x100867a8       0x26 c:/program files (x86)/cypress/psoc creator/4.4/psoc creator/import/gnu/arm/5.4.1/bin/../lib/gcc/arm-none-eabi/5.4.1/../../../../arm-none-eabi/lib/armv7e-m/softfp\libg_nano.a(lib_a-strncpy.o)
                0x100867a8                strncpy
 *(.init)
 *fill*         0x100867ce        0x2 
 .init          0x100867d0        0x4 c:/program files (x86)/cypress/psoc creator/4.4/psoc creator/import/gnu/arm/5.4.1/bin/../lib/gcc/arm-none-eabi/5.4.1/armv7e-m/softfp/crti.o
                0x100867d0                _init
 .init          0x100867d4        0x8 c:/program files (x86)/cypress/psoc creator/4.4/psoc creator/import/gnu/arm/5.4.1/bin/../lib/gcc/arm-none-eabi/5.4.1/armv7e-m/softfp/crtn.o
 *(.fini)
 .fini          0x100867dc        0x4 c:/program files (x86)/cypress/psoc creator/4.4/psoc creator/import/gnu/arm/5.4.1/bin/../lib/gcc/arm-none-eabi/5.4.1/armv7e-m/softfp/crti.o
                0x100867dc                _fini
 .fini          0x100867e0        0x8 c:/program files (x86)/cypress/psoc creator/4.4/psoc creator/import/gnu/arm/5.4.1/bin/../lib/gcc/arm-none-eabi/5.4.1/armv7e-m/softfp/crtn.o
 *crtbegin.o(.ctors)
 *crtbegin?.o(.ctors)
 *(EXCLUDE_FILE(*crtend.o *crtend?.o) .ctors)
 *(SORT(.ctors.*))
 *(.ctors)
 *crtbegin.o(.dtors)
 *crtbegin?.o(.dtors)
 *(EXCLUDE_FILE(*crtend.o *crtend?.o) .dtors)
 *(SORT(.dtors.*))
 *(.dtors)
 *(.rodata .rodata.* .constdata .constdata.* .conststring .conststring.*)
 .rodata        0x100867e8       0x18 .\CortexM4\ARM_GCC_541\Debug\main_cm4.o
                0x100867e8                UsbDevIntrHigh
                0x100867f0                UsbDevIntrMedium
                0x100867f8                UsbDevIntrLow
 .rodata.str1.4
                0x10086800       0x3d .\CortexM4\ARM_GCC_541\Debug\main_cm4.o
 *fill*         0x1008683d        0x3 
 .rodata        0x10086840       0x34 .\CortexM4\ARM_GCC_541\Debug\system_psoc6_cm4.o
 .rodata        0x10086874       0x20 .\CortexM4\ARM_GCC_541\Debug\cyfitter_sysint_cfg.o
                0x10086874                USBFS_LowPriorityInterrupt_cfg
                0x1008687c                USBFS_MediumPriorityInterrupt_cfg
                0x10086884                USBFS_HighPriorityInterrupt_cfg
                0x1008688c                CapSense_ISR_cfg
 .rodata        0x10086894       0x34 .\CortexM4\ARM_GCC_541\Debug\USBFS.o
                0x10086894                USBFS_drvConfig
 .rodata        0x100868c8      0x11a .\CortexM4\ARM_GCC_541\Debug\USBFS_cfg.o
                0x100868c8                USBFS_devConfig
                0x100868d0                USBFS_hidConfig
                0x100868d8                USBFS_devices
 *fill*         0x100869e2        0x2 
 .rodata.str1.4
                0x100869e4       0x77 .\CortexM4\ARM_GCC_541\Debug\cy_dma.o
 *fill*         0x10086a5b        0x1 
 .rodata.str1.4
                0x10086a5c       0x3f .\CortexM4\ARM_GCC_541\Debug\cy_flash.o
 *fill*         0x10086a9b        0x1 
 .rodata.str1.4
                0x10086a9c       0x7d .\CortexM4\ARM_GCC_541\Debug\cy_gpio.o
 *fill*         0x10086b19        0x3 
 .rodata.str1.4
                0x10086b1c       0x7f .\CortexM4\ARM_GCC_541\Debug\cy_ipc_drv.o
 .rodata.str1.4
                0x10086b9b       0x3f .\CortexM4\ARM_GCC_541\Debug\cy_ipc_sema.o
 *fill*         0x10086b9b        0x1 
 .rodata.str1.4
                0x10086b9c       0x40 .\CortexM4\ARM_GCC_541\Debug\cy_ipc_pipe.o
                                 0x7f (size before relaxing)
 .rodata.str1.4
                0x10086bdc       0x41 .\CortexM4\ARM_GCC_541\Debug\cy_sysint.o
 *fill*         0x10086c1d        0x3 
 .rodata.str1.4
                0x10086c20       0x43 .\CortexM4\ARM_GCC_541\Debug\cy_trigmux.o
 *fill*         0x10086c63        0x1 
 .rodata.str1.4
                0x10086c64       0x47 .\CortexM4\ARM_GCC_541\Debug\cy_usbfs_dev_drv.o
 *fill*         0x10086cab        0x1 
 .rodata.str1.4
                0x10086cac       0x86 .\CortexM4\ARM_GCC_541\Debug\cy_usbfs_dev_drv_io.o
 *fill*         0x10086d32        0x2 
 .rodata        0x10086d34       0x60 .\CortexM4\ARM_GCC_541\Debug\cy_usbfs_dev_drv_io_dma.o
 .rodata.str1.4
                0x10086d94       0x3b .\CortexM4\ARM_GCC_541\Debug\cy_usbfs_dev_drv_io_dma.o
 .rodata        0x10086d94      0x170 .\CortexM4\ARM_GCC_541\Debug\cy_device.o
                0x10086d94                cy_deviceIpBlockCfgPSoC6_02
                0x10086e4c                cy_deviceIpBlockCfgPSoC6_01
 .rodata.str1.4
                0x10086f04       0x59 .\CortexM4\ARM_GCC_541\Debug\cy_usb_dev.o
 *fill*         0x10086f5d        0x3 
 .rodata.str1.4
                0x10086f60       0x7b .\CortexM4\ARM_GCC_541\Debug\cy_usb_dev_hid.o
 *fill*         0x10086fdb        0x1 
 .rodata.str1.4
                0x10086fdc       0x2a .\CortexM4\ARM_GCC_541\Debug\CapSense_Control.o
 *fill*         0x10087006        0x2 
 .rodata.str1.4
                0x10087008       0x2d .\CortexM4\ARM_GCC_541\Debug\CapSense_Processing.o
 *fill*         0x10087035        0x3 
 .rodata        0x10087038      0x10c .\CortexM4\ARM_GCC_541\Debug\CapSense_Structure.o
                0x10087038                CapSense_ramIdacInit
                0x10087040                CapSense_dsFlash
                0x100870c4                CapSense_ramWidgetInit
                0x100870fc                CapSense_ioList
 .rodata        0x10087144        0x1 .\CortexM4\ARM_GCC_541\Debug\CapSense_Sensing.o
                0x10087144                CapSense_scanFreqIndex
 *fill*         0x10087145        0x3 
 .rodata.str1.4
                0x10087148       0x2c .\CortexM4\ARM_GCC_541\Debug\CapSense_Sensing.o
                                 0x6a (size before relaxing)
 .rodata.str1.4
                0x10087174       0x3d .\CortexM4\ARM_GCC_541\Debug\CapSense_SensingCSD_LL.o
 .rodata.str1.4
                0x10087174       0x3d .\CortexM4\ARM_GCC_541\Debug\CapSense_SensingCSX_LL.o
 .rodata        0x10087174       0x64 .\CortexM4\ARM_GCC_541\Debug\PWM_1.o
                0x10087174                PWM_1_config
 *(.eh_frame*)
 .eh_frame      0x100871d8        0x0 c:/program files (x86)/cypress/psoc creator/4.4/psoc creator/import/gnu/arm/5.4.1/bin/../lib/gcc/arm-none-eabi/5.4.1/armv7e-m/softfp/crtbegin.o
 .eh_frame      0x100871d8        0x4 c:/program files (x86)/cypress/psoc creator/4.4/psoc creator/import/gnu/arm/5.4.1/bin/../lib/gcc/arm-none-eabi/5.4.1/armv7e-m/softfp/crtend.o

.glue_7         0x100871dc        0x0
 .glue_7        0x100871dc        0x0 linker stubs

.glue_7t        0x100871dc        0x0
 .glue_7t       0x100871dc        0x0 linker stubs

.vfp11_veneer   0x100871dc        0x0
 .vfp11_veneer  0x100871dc        0x0 linker stubs

.v4_bx          0x100871dc        0x0
 .v4_bx         0x100871dc        0x0 linker stubs

.iplt           0x100871dc        0x0
 .iplt          0x100871dc        0x0 c:/program files (x86)/cypress/psoc creator/4.4/psoc creator/import/gnu/arm/5.4.1/bin/../lib/gcc/arm-none-eabi/5.4.1/armv7e-m/softfp/crtbegin.o

.ARM.extab
 *(.ARM.extab* .gnu.linkonce.armextab.*)
                0x100871dc                __exidx_start = .

.ARM.exidx
 *(.ARM.exidx* .gnu.linkonce.armexidx.*)
                0x100871dc                __exidx_end = .

.copy.table     0x100871dc       0x18
                0x100871dc                . = ALIGN (0x4)
                0x100871dc                __copy_table_start__ = .
                0x100871dc        0x4 LONG 0x10080000 __Vectors
                0x100871e0        0x4 LONG 0x8024000 __ram_vectors_start__
                0x100871e4        0x4 LONG 0x28c (__Vectors_End - __Vectors)
                0x100871e8        0x4 LONG 0x100871fc __etext
                0x100871ec        0x4 LONG 0x802428c __data_start__
                0x100871f0        0x4 LONG 0x5ec (__data_end__ - __data_start__)
                0x100871f4                __copy_table_end__ = .

.zero.table     0x100871f4        0x8
                0x100871f4                . = ALIGN (0x4)
                0x100871f4                __zero_table_start__ = .
                0x100871f4        0x4 LONG 0x802490c __bss_start__
                0x100871f8        0x4 LONG 0x5d0 (__bss_end__ - __bss_start__)
                0x100871fc                __zero_table_end__ = .
                0x100871fc                __etext = .

.ramVectors     0x08024000      0x28c
                0x08024000                __ram_vectors_start__ = .
 *(.ram_vectors)
 .ram_vectors   0x08024000      0x28c .\CortexM4\ARM_GCC_541\Debug\startup_psoc6_01_cm4.o
                0x08024000                __ramVectors
                0x0802428c                __ram_vectors_end__ = .

.data           0x0802428c      0x5ec load address 0x100871fc
                0x0802428c                __data_start__ = .
 *(vtable)
 *(.data*)
 .data          0x0802428c       0x1c .\CortexM4\ARM_GCC_541\Debug\system_psoc6_cm4.o
                0x0802428c                cy_Hfclk0FreqHz
                0x08024290                cy_PeriClkFreqHz
                0x08024294                SystemCoreClock
                0x08024298                cy_delayFreqHz
                0x0802429c                cy_delayFreqMhz
                0x080242a0                cy_delayFreqKhz
                0x080242a4                cy_delay32kMs
 .data          0x080242a8       0x1c .\CortexM4\ARM_GCC_541\Debug\USBFS_cfg.o
 .data          0x080242c4        0x8 .\CortexM4\ARM_GCC_541\Debug\CapSense_SensingCSD_LL.o
                0x080242c4                CapSense_configCsd
                0x080242c8                CapSense_calibratedIdac
                0x080242ca                CapSense_calibratedRawcount
 .data          0x080242cc        0x4 .\CortexM4\ARM_GCC_541\Debug\CapSense_SensingCSX_LL.o
                0x080242cc                CapSense_CSXPostScanApiPtr
                0x080242d0                . = ALIGN (0x4)
                0x080242d0                PROVIDE (__preinit_array_start, .)
 *(.preinit_array)
                0x080242d0                PROVIDE (__preinit_array_end, .)
                0x080242d0                . = ALIGN (0x4)
                0x080242d0                PROVIDE (__init_array_start, .)
 *(SORT(.init_array.*))
 *(.init_array)
 .init_array    0x080242d0        0x4 c:/program files (x86)/cypress/psoc creator/4.4/psoc creator/import/gnu/arm/5.4.1/bin/../lib/gcc/arm-none-eabi/5.4.1/armv7e-m/softfp/crtbegin.o
                0x080242d4                PROVIDE (__init_array_end, .)
                0x080242d4                . = ALIGN (0x4)
                [!provide]                PROVIDE (__fini_array_start, .)
 *(SORT(.fini_array.*))
 *(.fini_array)
 .fini_array    0x080242d4        0x4 c:/program files (x86)/cypress/psoc creator/4.4/psoc creator/import/gnu/arm/5.4.1/bin/../lib/gcc/arm-none-eabi/5.4.1/armv7e-m/softfp/crtbegin.o
                [!provide]                PROVIDE (__fini_array_end, .)
 *(.jcr*)
 .jcr           0x080242d8        0x0 c:/program files (x86)/cypress/psoc creator/4.4/psoc creator/import/gnu/arm/5.4.1/bin/../lib/gcc/arm-none-eabi/5.4.1/armv7e-m/softfp/crtbegin.o
 .jcr           0x080242d8        0x4 c:/program files (x86)/cypress/psoc creator/4.4/psoc creator/import/gnu/arm/5.4.1/bin/../lib/gcc/arm-none-eabi/5.4.1/armv7e-m/softfp/crtend.o
                0x080242dc                . = ALIGN (0x4)
 *(.cy_ramfunc*)
 .cy_ramfunc    0x080242dc      0x300 .\CortexM4\ARM_GCC_541\Debug\cy_flash.o
                0x08024348                Cy_Flash_ResumeIrqHandler
 .cy_ramfunc    0x080245dc      0x218 .\CortexM4\ARM_GCC_541\Debug\cy_syspm.o
 *fill*         0x080247f4        0x4 
 .cy_ramfunc.__stub
                0x080247f8       0x80 linker stubs
                0x08024878                . = ALIGN (0x4)
                0x08024878                __data_end__ = .

.igot.plt       0x08024878        0x0 load address 0x100877e8
 .igot.plt      0x08024878        0x0 c:/program files (x86)/cypress/psoc creator/4.4/psoc creator/import/gnu/arm/5.4.1/bin/../lib/gcc/arm-none-eabi/5.4.1/armv7e-m/softfp/crtbegin.o

.noinit         0x08024878       0x94 load address 0x100877e8
 *(.noinit)
 .noinit        0x08024878       0x94 .\CortexM4\ARM_GCC_541\Debug\cy_syslib.o
                0x08024878                cy_assertFileName
                0x08024890                cy_assertLine
                0x08024894                cy_faultFrame

.bss            0x0802490c      0x5d0 load address 0x1008787c
                0x0802490c                . = ALIGN (0x4)
                0x0802490c                __bss_start__ = .
 *(.bss*)
 .bss           0x0802490c       0x1c c:/program files (x86)/cypress/psoc creator/4.4/psoc creator/import/gnu/arm/5.4.1/bin/../lib/gcc/arm-none-eabi/5.4.1/armv7e-m/softfp/crtbegin.o
 .bss           0x08024928        0x5 .\CortexM4\ARM_GCC_541\Debug\main_cm4.o
                0x08024928                previousButtonState
                0x08024929                horizontalModeEnabled
                0x0802492a                leftButtonClickPending
                0x0802492b                rightButtonClickPending
                0x0802492c                currentButtonState
 *fill*         0x0802492d        0x3 
 .bss           0x08024930      0x180 .\CortexM4\ARM_GCC_541\Debug\system_psoc6_cm4.o
 .bss           0x08024ab0       0x42 .\CortexM4\ARM_GCC_541\Debug\USBFS_cfg.o
 *fill*         0x08024af2        0x2 
 .bss           0x08024af4       0x18 .\CortexM4\ARM_GCC_541\Debug\cy_flash.o
 .bss           0x08024b0c        0xc .\CortexM4\ARM_GCC_541\Debug\cy_ipc_sema.o
 .bss           0x08024b18        0x4 .\CortexM4\ARM_GCC_541\Debug\cy_ipc_pipe.o
 .bss           0x08024b1c       0x3c .\CortexM4\ARM_GCC_541\Debug\cy_syspm.o
 .bss           0x08024b58        0x1 .\CortexM4\ARM_GCC_541\Debug\CapSense_Control.o
 *fill*         0x08024b59        0x3 
 .bss           0x08024b5c       0x45 .\CortexM4\ARM_GCC_541\Debug\CapSense_Structure.o
 *fill*         0x08024ba1        0x3 
 .bss           0x08024ba4        0x4 .\CortexM4\ARM_GCC_541\Debug\CapSense_Tuner.o
 .bss           0x08024ba8        0x9 .\CortexM4\ARM_GCC_541\Debug\CapSense_Sensing.o
                0x08024ba8                CapSense_currentSenseMethod
                0x08024ba9                CapSense_requestScanAllWidget
                0x08024baa                CapSense_widgetIndex
                0x08024bac                CapSense_curFlashWdgtPtr
                0x08024bb0                CapSense_sensorIndex
 .bss           0x08024bb1        0x1 .\CortexM4\ARM_GCC_541\Debug\CapSense_SensingCSD_LL.o
 *fill*         0x08024bb2        0x2 
 .bss           0x08024bb4       0x12 .\CortexM4\ARM_GCC_541\Debug\CapSense_SensingCSX_LL.o
                0x08024bb4                CapSense_csxScanPeriod
                0x08024bb6                CapSense_csxRawCount
 *fill*         0x08024bc6        0x2 
 .bss           0x08024bc8        0xe .\CortexM4\ARM_GCC_541\Debug\CapSense_Centroid_LL.o
 .bss           0x08024bd6        0x1 .\CortexM4\ARM_GCC_541\Debug\PWM_1.o
                0x08024bd6                PWM_1_initVar
 *(COMMON)
 *fill*         0x08024bd7        0x1 
 COMMON         0x08024bd8        0x4 .\CortexM4\ARM_GCC_541\Debug\main_cm4.o
                0x08024bd8                mouseData
 COMMON         0x08024bdc      0x250 .\CortexM4\ARM_GCC_541\Debug\USBFS.o
                0x08024bdc                USBFS_hidContext
                0x08024c1c                USBFS_devContext
                0x08024c90                USBFS_drvContext
 COMMON         0x08024e2c        0x4 .\CortexM4\ARM_GCC_541\Debug\cy_device.o
                0x08024e2c                cy_device
 COMMON         0x08024e30       0xa4 .\CortexM4\ARM_GCC_541\Debug\CapSense_Structure.o
                0x08024e30                CapSense_dsRam
 COMMON         0x08024ed4        0x8 .\CortexM4\ARM_GCC_541\Debug\CapSense_Sensing.o
                0x08024ed4                CapSense_curRamSnsPtr
                0x08024ed8                CapSense_curSnsIOPtr
                0x08024edc                . = ALIGN (0x4)
                0x08024edc                __bss_end__ = .

.heap           0x08024ee0      0x400
                0x08024ee0                __HeapBase = .
                0x08024ee0                __end__ = .
                0x08024ee0                end = __end__
 *(.heap*)
 .heap          0x08024ee0      0x400 .\CortexM4\ARM_GCC_541\Debug\startup_psoc6_01_cm4.o
                0x080252e0                __HeapLimit = .

.stack_dummy    0x08024ee0     0x1000
 *(.stack*)
 .stack         0x08024ee0     0x1000 .\CortexM4\ARM_GCC_541\Debug\startup_psoc6_01_cm4.o
                0x08047800                __StackTop = (ORIGIN (ram) + LENGTH (ram))
                0x08046800                __StackLimit = (__StackTop - SIZEOF (.stack_dummy))
                0x08047800                PROVIDE (__stack, __StackTop)
                0x00000001                ASSERT ((__StackLimit >= __HeapLimit), region RAM overflowed with stack)

.cy_app_signature
 *(.cy_app_signature)

.cy_em_eeprom
 *(.cy_em_eeprom)

.cy_sflash_user_data
 *(.cy_sflash_user_data)

.cy_sflash_nar
 *(.cy_sflash_nar)

.cy_sflash_public_key
 *(.cy_sflash_public_key)

.cy_toc_part2
 *(.cy_toc_part2)

.cy_rtoc_part2
 *(.cy_rtoc_part2)

.cy_xip
 *(.cy_xip)

.cy_efuse
 *(.cy_efuse)

.cymeta         0x90500000        0xc
 *(.cymeta)
 .cymeta        0x90500000        0xc .\CortexM4\ARM_GCC_541\Debug\cymetadata.o
                0x90500000                cy_metadata
                0x10000000                __cy_memory_0_start = 0x10000000
                0x00100000                __cy_memory_0_length = 0x100000
                0x00000200                __cy_memory_0_row_size = 0x200
                0x14000000                __cy_memory_1_start = 0x14000000
                0x00008000                __cy_memory_1_length = 0x8000
                0x00000200                __cy_memory_1_row_size = 0x200
                0x16000000                __cy_memory_2_start = 0x16000000
                0x00008000                __cy_memory_2_length = 0x8000
                0x00000200                __cy_memory_2_row_size = 0x200
                0x18000000                __cy_memory_3_start = 0x18000000
                0x08000000                __cy_memory_3_length = 0x8000000
                0x00000200                __cy_memory_3_row_size = 0x200
                0x90700000                __cy_memory_4_start = 0x90700000
                0x00100000                __cy_memory_4_length = 0x100000
                0x00000001                __cy_memory_4_row_size = 0x1
OUTPUT(C:\Users\enes_\Documents\PSoC Creator\Intern_WorkSpace\Staj_Mouse_HID_Project.cydsn\CortexM4\ARM_GCC_541\Debug\Staj_Mouse_HID_Project_link.elf elf32-littlearm)

.rel.dyn        0x08024edc        0x0 load address 0x98562f7c
 .rel.iplt      0x08024edc        0x0 c:/program files (x86)/cypress/psoc creator/4.4/psoc creator/import/gnu/arm/5.4.1/bin/../lib/gcc/arm-none-eabi/5.4.1/armv7e-m/softfp/crtbegin.o

.ARM.attributes
                0x00000000       0x2e
 .ARM.attributes
                0x00000000       0x22 c:/program files (x86)/cypress/psoc creator/4.4/psoc creator/import/gnu/arm/5.4.1/bin/../lib/gcc/arm-none-eabi/5.4.1/armv7e-m/softfp/crti.o
 .ARM.attributes
                0x00000022       0x32 c:/program files (x86)/cypress/psoc creator/4.4/psoc creator/import/gnu/arm/5.4.1/bin/../lib/gcc/arm-none-eabi/5.4.1/armv7e-m/softfp/crtbegin.o
 .ARM.attributes
                0x00000054       0x1f .\CortexM4\ARM_GCC_541\Debug\startup_psoc6_01_cm4.o
 .ARM.attributes
                0x00000073       0x37 .\CortexM4\ARM_GCC_541\Debug\main_cm4.o
 .ARM.attributes
                0x000000aa       0x37 .\CortexM4\ARM_GCC_541\Debug\system_psoc6_cm4.o
 .ARM.attributes
                0x000000e1       0x37 .\CortexM4\ARM_GCC_541\Debug\cyfitter_sysint_cfg.o
 .ARM.attributes
                0x00000118       0x37 .\CortexM4\ARM_GCC_541\Debug\cymetadata.o
 .ARM.attributes
                0x0000014f       0x37 .\CortexM4\ARM_GCC_541\Debug\USBFS.o
 .ARM.attributes
                0x00000186       0x37 .\CortexM4\ARM_GCC_541\Debug\USBFS_cfg.o
 .ARM.attributes
                0x000001bd       0x37 .\CortexM4\ARM_GCC_541\Debug\cy_dma.o
 .ARM.attributes
                0x000001f4       0x37 .\CortexM4\ARM_GCC_541\Debug\cy_flash.o
 .ARM.attributes
                0x0000022b       0x37 .\CortexM4\ARM_GCC_541\Debug\cy_gpio.o
 .ARM.attributes
                0x00000262       0x37 .\CortexM4\ARM_GCC_541\Debug\cy_ipc_drv.o
 .ARM.attributes
                0x00000299       0x37 .\CortexM4\ARM_GCC_541\Debug\cy_ipc_sema.o
 .ARM.attributes
                0x000002d0       0x37 .\CortexM4\ARM_GCC_541\Debug\cy_ipc_pipe.o
 .ARM.attributes
                0x00000307       0x37 .\CortexM4\ARM_GCC_541\Debug\cy_sysint.o
 .ARM.attributes
                0x0000033e       0x37 .\CortexM4\ARM_GCC_541\Debug\cy_syslib.o
 .ARM.attributes
                0x00000375       0x25 .\CortexM4\ARM_GCC_541\Debug\cy_syslib_gcc.o
 .ARM.attributes
                0x0000039a       0x37 .\CortexM4\ARM_GCC_541\Debug\cy_syspm.o
 .ARM.attributes
                0x000003d1       0x37 .\CortexM4\ARM_GCC_541\Debug\cy_trigmux.o
 .ARM.attributes
                0x00000408       0x37 .\CortexM4\ARM_GCC_541\Debug\cy_usbfs_dev_drv.o
 .ARM.attributes
                0x0000043f       0x37 .\CortexM4\ARM_GCC_541\Debug\cy_usbfs_dev_drv_io.o
 .ARM.attributes
                0x00000476       0x37 .\CortexM4\ARM_GCC_541\Debug\cy_usbfs_dev_drv_io_dma.o
 .ARM.attributes
                0x000004ad       0x37 .\CortexM4\ARM_GCC_541\Debug\cy_device.o
 .ARM.attributes
                0x000004e4       0x37 .\CortexM4\ARM_GCC_541\Debug\cy_tcpwm_pwm.o
 .ARM.attributes
                0x0000051b       0x37 .\CortexM4\ARM_GCC_541\Debug\cy_usb_dev.o
 .ARM.attributes
                0x00000552       0x37 .\CortexM4\ARM_GCC_541\Debug\cy_usb_dev_hid.o
 .ARM.attributes
                0x00000589       0x37 .\CortexM4\ARM_GCC_541\Debug\CapSense_Control.o
 .ARM.attributes
                0x000005c0       0x37 .\CortexM4\ARM_GCC_541\Debug\CapSense_Processing.o
 .ARM.attributes
                0x000005f7       0x37 .\CortexM4\ARM_GCC_541\Debug\CapSense_Structure.o
 .ARM.attributes
                0x0000062e       0x37 .\CortexM4\ARM_GCC_541\Debug\CapSense_Tuner.o
 .ARM.attributes
                0x00000665       0x37 .\CortexM4\ARM_GCC_541\Debug\CapSense_Filter.o
 .ARM.attributes
                0x0000069c       0x37 .\CortexM4\ARM_GCC_541\Debug\CapSense_Sensing.o
 .ARM.attributes
                0x000006d3       0x37 .\CortexM4\ARM_GCC_541\Debug\CapSense_INT.o
 .ARM.attributes
                0x0000070a       0x37 .\CortexM4\ARM_GCC_541\Debug\CapSense_SensingCSD_LL.o
 .ARM.attributes
                0x00000741       0x37 .\CortexM4\ARM_GCC_541\Debug\CapSense_SensingCSX_LL.o
 .ARM.attributes
                0x00000778       0x37 .\CortexM4\ARM_GCC_541\Debug\CapSense_Centroid_LL.o
 .ARM.attributes
                0x000007af       0x37 .\CortexM4\ARM_GCC_541\Debug\PWM_1.o
 .ARM.attributes
                0x000007e6       0x37 C:\Program Files (x86)\Cypress\PSoC Creator\4.4\PSoC Creator\psoc\content\CyComponentLibrary\CyComponentLibrary.cylib\CapSense_v3_0\Library\CapSense_Library_GCC_M4.a(CapSense_SmartSense_LL.o)
 .ARM.attributes
                0x0000081d       0x37 C:\Program Files (x86)\Cypress\PSoC Creator\4.4\PSoC Creator\psoc\content\CyComponentLibrary\CyComponentLibrary.cylib\CapSense_v3_0\Library\CapSense_Library_GCC_M4.a(CapSense_SmartSense_SL.o)
 .ARM.attributes
                0x00000854       0x32 c:/program files (x86)/cypress/psoc creator/4.4/psoc creator/import/gnu/arm/5.4.1/bin/../lib/gcc/arm-none-eabi/5.4.1/../../../../arm-none-eabi/lib/armv7e-m/softfp\libg_nano.a(lib_a-memcpy-stub.o)
 .ARM.attributes
                0x00000886       0x32 c:/program files (x86)/cypress/psoc creator/4.4/psoc creator/import/gnu/arm/5.4.1/bin/../lib/gcc/arm-none-eabi/5.4.1/../../../../arm-none-eabi/lib/armv7e-m/softfp\libg_nano.a(lib_a-memset.o)
 .ARM.attributes
                0x000008b8       0x32 c:/program files (x86)/cypress/psoc creator/4.4/psoc creator/import/gnu/arm/5.4.1/bin/../lib/gcc/arm-none-eabi/5.4.1/../../../../arm-none-eabi/lib/armv7e-m/softfp\libg_nano.a(lib_a-strncpy.o)
 .ARM.attributes
                0x000008ea       0x32 c:/program files (x86)/cypress/psoc creator/4.4/psoc creator/import/gnu/arm/5.4.1/bin/../lib/gcc/arm-none-eabi/5.4.1/armv7e-m/softfp/crtend.o
 .ARM.attributes
                0x0000091c       0x22 c:/program files (x86)/cypress/psoc creator/4.4/psoc creator/import/gnu/arm/5.4.1/bin/../lib/gcc/arm-none-eabi/5.4.1/armv7e-m/softfp/crtn.o

.comment        0x00000000       0x6e
 .comment       0x00000000       0x6e .\CortexM4\ARM_GCC_541\Debug\main_cm4.o
                                 0x6f (size before relaxing)
 .comment       0x0000006e       0x6f .\CortexM4\ARM_GCC_541\Debug\system_psoc6_cm4.o
 .comment       0x0000006e       0x6f .\CortexM4\ARM_GCC_541\Debug\cyfitter_sysint_cfg.o
 .comment       0x0000006e       0x6f .\CortexM4\ARM_GCC_541\Debug\cymetadata.o
 .comment       0x0000006e       0x6f .\CortexM4\ARM_GCC_541\Debug\USBFS.o
 .comment       0x0000006e       0x6f .\CortexM4\ARM_GCC_541\Debug\USBFS_cfg.o
 .comment       0x0000006e       0x6f .\CortexM4\ARM_GCC_541\Debug\cy_dma.o
 .comment       0x0000006e       0x6f .\CortexM4\ARM_GCC_541\Debug\cy_flash.o
 .comment       0x0000006e       0x6f .\CortexM4\ARM_GCC_541\Debug\cy_gpio.o
 .comment       0x0000006e       0x6f .\CortexM4\ARM_GCC_541\Debug\cy_ipc_drv.o
 .comment       0x0000006e       0x6f .\CortexM4\ARM_GCC_541\Debug\cy_ipc_sema.o
 .comment       0x0000006e       0x6f .\CortexM4\ARM_GCC_541\Debug\cy_ipc_pipe.o
 .comment       0x0000006e       0x6f .\CortexM4\ARM_GCC_541\Debug\cy_sysint.o
 .comment       0x0000006e       0x6f .\CortexM4\ARM_GCC_541\Debug\cy_syslib.o
 .comment       0x0000006e       0x6f .\CortexM4\ARM_GCC_541\Debug\cy_syspm.o
 .comment       0x0000006e       0x6f .\CortexM4\ARM_GCC_541\Debug\cy_trigmux.o
 .comment       0x0000006e       0x6f .\CortexM4\ARM_GCC_541\Debug\cy_usbfs_dev_drv.o
 .comment       0x0000006e       0x6f .\CortexM4\ARM_GCC_541\Debug\cy_usbfs_dev_drv_io.o
 .comment       0x0000006e       0x6f .\CortexM4\ARM_GCC_541\Debug\cy_usbfs_dev_drv_io_dma.o
 .comment       0x0000006e       0x6f .\CortexM4\ARM_GCC_541\Debug\cy_device.o
 .comment       0x0000006e       0x6f .\CortexM4\ARM_GCC_541\Debug\cy_tcpwm_pwm.o
 .comment       0x0000006e       0x6f .\CortexM4\ARM_GCC_541\Debug\cy_usb_dev.o
 .comment       0x0000006e       0x6f .\CortexM4\ARM_GCC_541\Debug\cy_usb_dev_hid.o
 .comment       0x0000006e       0x6f .\CortexM4\ARM_GCC_541\Debug\CapSense_Control.o
 .comment       0x0000006e       0x6f .\CortexM4\ARM_GCC_541\Debug\CapSense_Processing.o
 .comment       0x0000006e       0x6f .\CortexM4\ARM_GCC_541\Debug\CapSense_Structure.o
 .comment       0x0000006e       0x6f .\CortexM4\ARM_GCC_541\Debug\CapSense_Tuner.o
 .comment       0x0000006e       0x6f .\CortexM4\ARM_GCC_541\Debug\CapSense_Filter.o
 .comment       0x0000006e       0x6f .\CortexM4\ARM_GCC_541\Debug\CapSense_Sensing.o
 .comment       0x0000006e       0x6f .\CortexM4\ARM_GCC_541\Debug\CapSense_INT.o
 .comment       0x0000006e       0x6f .\CortexM4\ARM_GCC_541\Debug\CapSense_SensingCSD_LL.o
 .comment       0x0000006e       0x6f .\CortexM4\ARM_GCC_541\Debug\CapSense_SensingCSX_LL.o
 .comment       0x0000006e       0x6f .\CortexM4\ARM_GCC_541\Debug\CapSense_Centroid_LL.o
 .comment       0x0000006e       0x6f .\CortexM4\ARM_GCC_541\Debug\PWM_1.o
 .comment       0x0000006e       0x6f C:\Program Files (x86)\Cypress\PSoC Creator\4.4\PSoC Creator\psoc\content\CyComponentLibrary\CyComponentLibrary.cylib\CapSense_v3_0\Library\CapSense_Library_GCC_M4.a(CapSense_SmartSense_LL.o)
 .comment       0x0000006e       0x6f C:\Program Files (x86)\Cypress\PSoC Creator\4.4\PSoC Creator\psoc\content\CyComponentLibrary\CyComponentLibrary.cylib\CapSense_v3_0\Library\CapSense_Library_GCC_M4.a(CapSense_SmartSense_SL.o)

.debug_line     0x00000000     0xaf89
 .debug_line    0x00000000       0x8e .\CortexM4\ARM_GCC_541\Debug\startup_psoc6_01_cm4.o
 .debug_line    0x0000008e      0x626 .\CortexM4\ARM_GCC_541\Debug\main_cm4.o
 .debug_line    0x000006b4      0x433 .\CortexM4\ARM_GCC_541\Debug\system_psoc6_cm4.o
 .debug_line    0x00000ae7      0x24f .\CortexM4\ARM_GCC_541\Debug\cyfitter_sysint_cfg.o
 .debug_line    0x00000d36      0x141 .\CortexM4\ARM_GCC_541\Debug\cymetadata.o
 .debug_line    0x00000e77      0x4ae .\CortexM4\ARM_GCC_541\Debug\USBFS.o
 .debug_line    0x00001325      0x34d .\CortexM4\ARM_GCC_541\Debug\USBFS_cfg.o
 .debug_line    0x00001672      0x4d8 .\CortexM4\ARM_GCC_541\Debug\cy_dma.o
 .debug_line    0x00001b4a      0x7d2 .\CortexM4\ARM_GCC_541\Debug\cy_flash.o
 .debug_line    0x0000231c      0x4f6 .\CortexM4\ARM_GCC_541\Debug\cy_gpio.o
 .debug_line    0x00002812      0x33e .\CortexM4\ARM_GCC_541\Debug\cy_ipc_drv.o
 .debug_line    0x00002b50      0x407 .\CortexM4\ARM_GCC_541\Debug\cy_ipc_sema.o
 .debug_line    0x00002f57      0x57c .\CortexM4\ARM_GCC_541\Debug\cy_ipc_pipe.o
 .debug_line    0x000034d3      0x2db .\CortexM4\ARM_GCC_541\Debug\cy_sysint.o
 .debug_line    0x000037ae      0x482 .\CortexM4\ARM_GCC_541\Debug\cy_syslib.o
 .debug_line    0x00003c30       0x89 .\CortexM4\ARM_GCC_541\Debug\cy_syslib_gcc.o
 .debug_line    0x00003cb9      0xa5a .\CortexM4\ARM_GCC_541\Debug\cy_syspm.o
 .debug_line    0x00004713      0x38b .\CortexM4\ARM_GCC_541\Debug\cy_trigmux.o
 .debug_line    0x00004a9e      0x723 .\CortexM4\ARM_GCC_541\Debug\cy_usbfs_dev_drv.o
 .debug_line    0x000051c1      0x779 .\CortexM4\ARM_GCC_541\Debug\cy_usbfs_dev_drv_io.o
 .debug_line    0x0000593a      0x926 .\CortexM4\ARM_GCC_541\Debug\cy_usbfs_dev_drv_io_dma.o
 .debug_line    0x00006260      0x17e .\CortexM4\ARM_GCC_541\Debug\cy_device.o
 .debug_line    0x000063de      0x2ce .\CortexM4\ARM_GCC_541\Debug\cy_tcpwm_pwm.o
 .debug_line    0x000066ac      0xb38 .\CortexM4\ARM_GCC_541\Debug\cy_usb_dev.o
 .debug_line    0x000071e4      0x627 .\CortexM4\ARM_GCC_541\Debug\cy_usb_dev_hid.o
 .debug_line    0x0000780b      0x4a1 .\CortexM4\ARM_GCC_541\Debug\CapSense_Control.o
 .debug_line    0x00007cac      0x595 .\CortexM4\ARM_GCC_541\Debug\CapSense_Processing.o
 .debug_line    0x00008241      0x3e5 .\CortexM4\ARM_GCC_541\Debug\CapSense_Structure.o
 .debug_line    0x00008626      0x2da .\CortexM4\ARM_GCC_541\Debug\CapSense_Tuner.o
 .debug_line    0x00008900      0x3b3 .\CortexM4\ARM_GCC_541\Debug\CapSense_Filter.o
 .debug_line    0x00008cb3      0x982 .\CortexM4\ARM_GCC_541\Debug\CapSense_Sensing.o
 .debug_line    0x00009635      0x38e .\CortexM4\ARM_GCC_541\Debug\CapSense_INT.o
 .debug_line    0x000099c3      0x7e9 .\CortexM4\ARM_GCC_541\Debug\CapSense_SensingCSD_LL.o
 .debug_line    0x0000a1ac      0x760 .\CortexM4\ARM_GCC_541\Debug\CapSense_SensingCSX_LL.o
 .debug_line    0x0000a90c      0x29e .\CortexM4\ARM_GCC_541\Debug\CapSense_Centroid_LL.o
 .debug_line    0x0000abaa      0x26d .\CortexM4\ARM_GCC_541\Debug\PWM_1.o
 .debug_line    0x0000ae17       0x95 C:\Program Files (x86)\Cypress\PSoC Creator\4.4\PSoC Creator\psoc\content\CyComponentLibrary\CyComponentLibrary.cylib\CapSense_v3_0\Library\CapSense_Library_GCC_M4.a(CapSense_SmartSense_LL.o)
 .debug_line    0x0000aeac       0xdd C:\Program Files (x86)\Cypress\PSoC Creator\4.4\PSoC Creator\psoc\content\CyComponentLibrary\CyComponentLibrary.cylib\CapSense_v3_0\Library\CapSense_Library_GCC_M4.a(CapSense_SmartSense_SL.o)

.debug_info     0x00000000    0x458b2
 .debug_info    0x00000000       0x97 .\CortexM4\ARM_GCC_541\Debug\startup_psoc6_01_cm4.o
 .debug_info    0x00000097     0x37a3 .\CortexM4\ARM_GCC_541\Debug\main_cm4.o
 .debug_info    0x0000383a     0x1b8e .\CortexM4\ARM_GCC_541\Debug\system_psoc6_cm4.o
 .debug_info    0x000053c8      0x97d .\CortexM4\ARM_GCC_541\Debug\cyfitter_sysint_cfg.o
 .debug_info    0x00005d45       0xac .\CortexM4\ARM_GCC_541\Debug\cymetadata.o
 .debug_info    0x00005df1     0x30cc .\CortexM4\ARM_GCC_541\Debug\USBFS.o
 .debug_info    0x00008ebd     0x2394 .\CortexM4\ARM_GCC_541\Debug\USBFS_cfg.o
 .debug_info    0x0000b251     0x130c .\CortexM4\ARM_GCC_541\Debug\cy_dma.o
 .debug_info    0x0000c55d     0x2a10 .\CortexM4\ARM_GCC_541\Debug\cy_flash.o
 .debug_info    0x0000ef6d     0x3cdb .\CortexM4\ARM_GCC_541\Debug\cy_gpio.o
 .debug_info    0x00012c48      0x906 .\CortexM4\ARM_GCC_541\Debug\cy_ipc_drv.o
 .debug_info    0x0001354e      0xc1e .\CortexM4\ARM_GCC_541\Debug\cy_ipc_sema.o
 .debug_info    0x0001416c     0x1952 .\CortexM4\ARM_GCC_541\Debug\cy_ipc_pipe.o
 .debug_info    0x00015abe      0xe11 .\CortexM4\ARM_GCC_541\Debug\cy_sysint.o
 .debug_info    0x000168cf     0x24d9 .\CortexM4\ARM_GCC_541\Debug\cy_syslib.o
 .debug_info    0x00018da8       0xc5 .\CortexM4\ARM_GCC_541\Debug\cy_syslib_gcc.o
 .debug_info    0x00018e6d     0x3ff3 .\CortexM4\ARM_GCC_541\Debug\cy_syspm.o
 .debug_info    0x0001ce60      0x900 .\CortexM4\ARM_GCC_541\Debug\cy_trigmux.o
 .debug_info    0x0001d760     0x2d73 .\CortexM4\ARM_GCC_541\Debug\cy_usbfs_dev_drv.o
 .debug_info    0x000204d3     0x32f7 .\CortexM4\ARM_GCC_541\Debug\cy_usbfs_dev_drv_io.o
 .debug_info    0x000237ca     0x3fb9 .\CortexM4\ARM_GCC_541\Debug\cy_usbfs_dev_drv_io_dma.o
 .debug_info    0x00027783      0x551 .\CortexM4\ARM_GCC_541\Debug\cy_device.o
 .debug_info    0x00027cd4      0x483 .\CortexM4\ARM_GCC_541\Debug\cy_tcpwm_pwm.o
 .debug_info    0x00028157     0x4888 .\CortexM4\ARM_GCC_541\Debug\cy_usb_dev.o
 .debug_info    0x0002c9df     0x3122 .\CortexM4\ARM_GCC_541\Debug\cy_usb_dev_hid.o
 .debug_info    0x0002fb01     0x1281 .\CortexM4\ARM_GCC_541\Debug\CapSense_Control.o
 .debug_info    0x00030d82     0x116d .\CortexM4\ARM_GCC_541\Debug\CapSense_Processing.o
 .debug_info    0x00031eef      0xe52 .\CortexM4\ARM_GCC_541\Debug\CapSense_Structure.o
 .debug_info    0x00032d41      0xc5d .\CortexM4\ARM_GCC_541\Debug\CapSense_Tuner.o
 .debug_info    0x0003399e      0xad0 .\CortexM4\ARM_GCC_541\Debug\CapSense_Filter.o
 .debug_info    0x0003446e     0x5785 .\CortexM4\ARM_GCC_541\Debug\CapSense_Sensing.o
 .debug_info    0x00039bf3     0x12e6 .\CortexM4\ARM_GCC_541\Debug\CapSense_INT.o
 .debug_info    0x0003aed9     0x4e8a .\CortexM4\ARM_GCC_541\Debug\CapSense_SensingCSD_LL.o
 .debug_info    0x0003fd63     0x4ec2 .\CortexM4\ARM_GCC_541\Debug\CapSense_SensingCSX_LL.o
 .debug_info    0x00044c25      0x331 .\CortexM4\ARM_GCC_541\Debug\CapSense_Centroid_LL.o
 .debug_info    0x00044f56      0x4d5 .\CortexM4\ARM_GCC_541\Debug\PWM_1.o
 .debug_info    0x0004542b      0x22c C:\Program Files (x86)\Cypress\PSoC Creator\4.4\PSoC Creator\psoc\content\CyComponentLibrary\CyComponentLibrary.cylib\CapSense_v3_0\Library\CapSense_Library_GCC_M4.a(CapSense_SmartSense_LL.o)
 .debug_info    0x00045657      0x25b C:\Program Files (x86)\Cypress\PSoC Creator\4.4\PSoC Creator\psoc\content\CyComponentLibrary\CyComponentLibrary.cylib\CapSense_v3_0\Library\CapSense_Library_GCC_M4.a(CapSense_SmartSense_SL.o)

.debug_abbrev   0x00000000     0x5477
 .debug_abbrev  0x00000000       0x14 .\CortexM4\ARM_GCC_541\Debug\startup_psoc6_01_cm4.o
 .debug_abbrev  0x00000014      0x36a .\CortexM4\ARM_GCC_541\Debug\main_cm4.o
 .debug_abbrev  0x0000037e      0x23a .\CortexM4\ARM_GCC_541\Debug\system_psoc6_cm4.o
 .debug_abbrev  0x000005b8       0xe3 .\CortexM4\ARM_GCC_541\Debug\cyfitter_sysint_cfg.o
 .debug_abbrev  0x0000069b       0x5d .\CortexM4\ARM_GCC_541\Debug\cymetadata.o
 .debug_abbrev  0x000006f8      0x2c7 .\CortexM4\ARM_GCC_541\Debug\USBFS.o
 .debug_abbrev  0x000009bf      0x1b2 .\CortexM4\ARM_GCC_541\Debug\USBFS_cfg.o
 .debug_abbrev  0x00000b71      0x2b0 .\CortexM4\ARM_GCC_541\Debug\cy_dma.o
 .debug_abbrev  0x00000e21      0x356 .\CortexM4\ARM_GCC_541\Debug\cy_flash.o
 .debug_abbrev  0x00001177      0x261 .\CortexM4\ARM_GCC_541\Debug\cy_gpio.o